{
  "type": "Coverage",
  "domain": {
    "type" : "Domain",
    "domainType": "PointSeries",
    "axes": {
      "x": {
        "values": [-123.458]
      },
      "y": {
        "values": [38.048]
      },
      "z": {
        "values": [1.5]
      },
      "t": {
        "values": ["2015-03-25T22:20:17Z", "2015-03-25T22:21:57Z"]
      }
    },
    "referencing": [{
      "coordinates": ["t"],
      "system": {
        "type": "TemporalRS",
        "calendar": "Gregorian"
      }
    },
    {
      "coordinates": ["x", "y"],
      "system": {
        "type": "GeographicCRS",
      }
    },
    {
      "coordinates": ["z"],
      "system": {
        "type": "VerticalCRS",
        "cs": {
          "csAxes": [{
            "name": {
              "en": "depth"
            },
            "direction": "down",
            "units": {
              "symbol": "m"
            }
          }]
        }
      }
    }]
  },
  "parameters": {
    "sal": {
      "type": "Parameter",
      "description": {
        "en": "Salinity"
      },
      "unit": {
        "label": {
          "en": "0.001"
        },
        "symbol": {
          "value": "0.001",
          "type": "http://www.opengis.net/def/uom/UCUM/"
        }
      },
      "observedProperty": {
        "id": "http://vocab.nerc.ac.uk/standard_name/sea_water_salinity/",
        "label": {
          "en": "Salinity"
        }
      }
    },
    "temp": {
      "type": "Parameter",
      "description": {
        "en": "Temperature"
      },
      "unit": {
        "label": {
          "en": "degree_Celsius"
        },
        "symbol": {
          "value": "degree_Celsius",
          "type": "http://www.opengis.net/def/uom/UCUM/"
        }
      },
      "observedProperty": {
        "id": "http://vocab.nerc.ac.uk/standard_name/sea_water_temperature/",
        "label": {
          "en": "Temperature"
        }
      }
    }
  },
  "ranges": {
    "sal": {
      "type": "NdArray",
      "dataType": "float", 
      "axisNames": ["t"],
      "shape": [2],
      "values": [33, 34]
    },
    "temp": {
      "type": "NdArray",
      "dataType": "float", 
      "axisNames": ["t"],
      "shape": [2],
      "values": [13, 14]
    }
  }
}
