Attributes {
    pressure {
        String units "level";
        String long_name "pressure";
    }
    latitude {
        String units "level";
        String long_name "latitude";
    }
    longitude {
        String coordinates "latitude";
        String long_name "longitude";
    }
    temperature {
        String coordinates "pressure latitude";
        Float32 _FillValue -9999.000000;
        String long_name "temperature";
    }
    StructMetadata {
        SwathStructure {
            SWATH_1 {
                String SwathName "Swath";
                Dimension {
                    Dimension_1 {
                        String DimensionName "ZDim";
                        Int32 Size 4;
                    }
                    Dimension_2 {
                        String DimensionName "NDim";
                        Int32 Size 8;
                    }
                }
                DimensionMap {
                }
                IndexDimensionMap {
                }
                GeoField {
                    GeoField_1 {
                        String GeoFieldName "pressure";
                        String DataType "DFNT_FLOAT32";
                        String DimList "ZDim";
                    }
                    GeoField_2 {
                        String GeoFieldName "latitude";
                        String DataType "DFNT_FLOAT32";
                        String DimList "NDim";
                    }
                    GeoField_3 {
                        String GeoFieldName "longitude";
                        String DataType "DFNT_FLOAT32";
                        String DimList "NDim";
                    }
                }
                DataField {
                    DataField_1 {
                        String DataFieldName "temperature";
                        String DataType "DFNT_FLOAT32";
                        String DimList "ZDim", "NDim";
                    }
                }
                MergedFields {
                }
            }
        }
        GridStructure {
        }
        PointStructure {
        }
    }
    HDF_GLOBAL {
        String HDFEOSVersion "HDFEOS_V2.18";
    }
    temperature_NONEOS {
        String long_name "temperature";
    }
}
