Dataset {
    Grid {
      Array:
        Float32 FICE[time = 240][lev = 26][lat = 64];
      Maps:
        Float64 time[time = 240];
        Float64 lev[lev = 26];
        Float64 lat[lat = 64];
    } FICE;
    Float64 P0;
    Grid {
      Array:
        Int32 date[time = 240];
      Maps:
        Float64 time[time = 240];
    } date;
    String date_written[time = 240];
    Grid {
      Array:
        Int32 datesec[time = 240];
      Maps:
        Float64 time[time = 240];
    } datesec;
    Grid {
      Array:
        Float64 gw[lat = 64];
      Maps:
        Float64 lat[lat = 64];
    } gw;
    Grid {
      Array:
        Float64 hyai[ilev = 27];
      Maps:
        Float64 ilev[ilev = 27];
    } hyai;
    Grid {
      Array:
        Float64 hyam[lev = 26];
      Maps:
        Float64 lev[lev = 26];
    } hyam;
    Grid {
      Array:
        Float64 hybi[ilev = 27];
      Maps:
        Float64 ilev[ilev = 27];
    } hybi;
    Grid {
      Array:
        Float64 hybm[lev = 26];
      Maps:
        Float64 lev[lev = 26];
    } hybm;
    Float64 ilev[ilev = 27];
    Float64 isccp_prs[isccp_prs = 7];
    Float64 isccp_prstau[isccp_prstau = 49];
    Float64 isccp_tau[isccp_tau = 7];
    Float64 lat[lat = 64];
    Float64 lev[lev = 26];
    Float64 lon;
    Int32 mdt;
    Int32 nbdate;
    Int32 nbsec;
    Int32 ndbase;
    Grid {
      Array:
        Int32 ndcur[time = 240];
      Maps:
        Float64 time[time = 240];
    } ndcur;
    Grid {
      Array:
        Int32 nlon[lat = 64];
      Maps:
        Float64 lat[lat = 64];
    } nlon;
    Int32 nsbase;
    Grid {
      Array:
        Int32 nscur[time = 240];
      Maps:
        Float64 time[time = 240];
    } nscur;
    Grid {
      Array:
        Int32 nsteph[time = 240];
      Maps:
        Float64 time[time = 240];
    } nsteph;
    Int32 ntrk;
    Int32 ntrm;
    Int32 ntrn;
    Float64 time[time = 240];
    Float64 time_bnds[time = 240][tbnd = 2];
    String time_written[time = 240];
    Grid {
      Array:
        Int32 wnummax[lat = 64];
      Maps:
        Float64 lat[lat = 64];
    } wnummax;
} b30.004.cam2.h0.FICE_zav.0100-01_cat_0119-12.nc;
