<?xml version="1.0" encoding="ISO-8859-1"?>
<Dataset xmlns="http://xml.opendap.org/ns/DAP/4.0#" dapVersion="4.0" dmrVersion="removed" name="function_results">
    <Float64 name="x1">
        <Dim size="5"/>
        <Attribute name="DAP4_Checksum_CRC32" type="String">
            removed checksum
        </Attribute>
    </Float64>
    <Float64 name="x2">
        <Dim size="5"/>
        <Attribute name="DAP4_Checksum_CRC32" type="String">
            removed checksum
        </Attribute>
    </Float64>
</Dataset>

The data:
Float64 x1[5] = {3.2, 102.4, 3276.8, 104857.6, 3355443.2};
Float64 x2[5] = {0.32, 10.24, 327.68, 10485.76, 335544.32};

