<?xml version="1.0" encoding="ISO-8859-1"?>
<Dataset xmlns="http://xml.opendap.org/ns/DAP/4.0#" dapVersion="4.0" dmrVersion="2.0" name="GSSTF.2b.2008.01.01.he5">
    <Group name="HDFEOS">
        <Group name="ADDITIONAL">
            <Group name="FILE_ATTRIBUTES">
                <Attribute name="BeginDate" type="String">
                    <Value>2008-01-01</Value>
                </Attribute>
                <Attribute name="EndDate" type="String">
                    <Value>2008-01-02</Value>
                </Attribute>
                <Attribute name="ShortName" type="String">
                    <Value>GSSTF</Value>
                </Attribute>
                <Attribute name="VersionID" type="String">
                    <Value>2b</Value>
                </Attribute>
                <Attribute name="CollectionDescription" type="String">
                    <Value>Goddard Satellite-Based Surface Turbulent Fluxes (GSSTF2b) in HDF-EOS5, 1x1 degree Daily Grid, Set1 and Set2, Combined Satellites</Value>
                </Attribute>
                <Attribute name="LongName" type="String">
                    <Value>Surface Turbulent Fluxes, 1x1 deg Daily Grid, Set1 and Set2</Value>
                </Attribute>
                <Attribute name="Set2eqSet1" type="String">
                    <Value>F</Value>
                </Attribute>
            </Group>
        </Group>
        <Group name="GRIDS">
            <Group name="SET1">
                <Dimension name="YDim" size="180"/>
                <Dimension name="XDim" size="360"/>
                <Dimension name="Xdim" size="360"/>
                <Dimension name="Ydim" size="180"/>
                <Float32 name="YDim">
                    <Dim name="/HDFEOS/GRIDS/SET1/YDim"/>
                    <Attribute name="units" type="String">
                        <Value>degrees_north</Value>
                    </Attribute>
                </Float32>
                <Float32 name="XDim">
                    <Dim name="/HDFEOS/GRIDS/SET1/XDim"/>
                    <Attribute name="units" type="String">
                        <Value>degrees_east</Value>
                    </Attribute>
                </Float32>
                <Group name="Data_Fields">
                    <Float32 name="DQ">
                        <Dim name="/HDFEOS/GRIDS/SET1/YDim"/>
                        <Dim name="/HDFEOS/GRIDS/SET1/XDim"/>
                        <Attribute name="_FillValue" type="Float32">
                            <Value>-999.</Value>
                        </Attribute>
                        <Attribute name="LongName" type="String">
                            <Value>sea-air humidity difference</Value>
                        </Attribute>
                        <Attribute name="Units" type="String">
                            <Value>g/kg</Value>
                        </Attribute>
                        <Attribute name="fullnamepath" type="String">
                            <Value>/HDFEOS/GRIDS/SET1/Data Fields/DQ</Value>
                        </Attribute>
                    </Float32>
                    <Float32 name="E">
                        <Dim name="/HDFEOS/GRIDS/SET1/YDim"/>
                        <Dim name="/HDFEOS/GRIDS/SET1/XDim"/>
                        <Attribute name="_FillValue" type="Float32">
                            <Value>-999.</Value>
                        </Attribute>
                        <Attribute name="LongName" type="String">
                            <Value>latent heat flux</Value>
                        </Attribute>
                        <Attribute name="Units" type="String">
                            <Value>W/m^^2</Value>
                        </Attribute>
                        <Attribute name="fullnamepath" type="String">
                            <Value>/HDFEOS/GRIDS/SET1/Data Fields/E</Value>
                        </Attribute>
                    </Float32>
                    <Float32 name="H">
                        <Dim name="/HDFEOS/GRIDS/SET1/YDim"/>
                        <Dim name="/HDFEOS/GRIDS/SET1/XDim"/>
                        <Attribute name="_FillValue" type="Float32">
                            <Value>-999.</Value>
                        </Attribute>
                        <Attribute name="LongName" type="String">
                            <Value>sensible heat flux</Value>
                        </Attribute>
                        <Attribute name="Units" type="String">
                            <Value>W/m^^2</Value>
                        </Attribute>
                        <Attribute name="fullnamepath" type="String">
                            <Value>/HDFEOS/GRIDS/SET1/Data Fields/H</Value>
                        </Attribute>
                    </Float32>
                    <Float32 name="Qair">
                        <Dim name="/HDFEOS/GRIDS/SET1/YDim"/>
                        <Dim name="/HDFEOS/GRIDS/SET1/XDim"/>
                        <Attribute name="_FillValue" type="Float32">
                            <Value>-999.</Value>
                        </Attribute>
                        <Attribute name="LongName" type="String">
                            <Value>surface air (~10-m) specific humidity</Value>
                        </Attribute>
                        <Attribute name="Units" type="String">
                            <Value>g/kg</Value>
                        </Attribute>
                        <Attribute name="fullnamepath" type="String">
                            <Value>/HDFEOS/GRIDS/SET1/Data Fields/Qair</Value>
                        </Attribute>
                    </Float32>
                    <Float32 name="STu">
                        <Dim name="/HDFEOS/GRIDS/SET1/YDim"/>
                        <Dim name="/HDFEOS/GRIDS/SET1/XDim"/>
                        <Attribute name="_FillValue" type="Float32">
                            <Value>-999.</Value>
                        </Attribute>
                        <Attribute name="LongName" type="String">
                            <Value>zonal wind stress</Value>
                        </Attribute>
                        <Attribute name="Units" type="String">
                            <Value>N/m^^2</Value>
                        </Attribute>
                        <Attribute name="fullnamepath" type="String">
                            <Value>/HDFEOS/GRIDS/SET1/Data Fields/STu</Value>
                        </Attribute>
                    </Float32>
                    <Float32 name="STv">
                        <Dim name="/HDFEOS/GRIDS/SET1/YDim"/>
                        <Dim name="/HDFEOS/GRIDS/SET1/XDim"/>
                        <Attribute name="_FillValue" type="Float32">
                            <Value>-999.</Value>
                        </Attribute>
                        <Attribute name="LongName" type="String">
                            <Value>meridional wind stress</Value>
                        </Attribute>
                        <Attribute name="Units" type="String">
                            <Value>N/m^^2</Value>
                        </Attribute>
                        <Attribute name="fullnamepath" type="String">
                            <Value>/HDFEOS/GRIDS/SET1/Data Fields/STv</Value>
                        </Attribute>
                    </Float32>
                    <Float32 name="Tot_Precip_Water">
                        <Dim name="/HDFEOS/GRIDS/SET1/YDim"/>
                        <Dim name="/HDFEOS/GRIDS/SET1/XDim"/>
                        <Attribute name="_FillValue" type="Float32">
                            <Value>-999.</Value>
                        </Attribute>
                        <Attribute name="LongName" type="String">
                            <Value>total precipitable water</Value>
                        </Attribute>
                        <Attribute name="Units" type="String">
                            <Value>g/cm^^2</Value>
                        </Attribute>
                        <Attribute name="fullnamepath" type="String">
                            <Value>/HDFEOS/GRIDS/SET1/Data Fields/Tot_Precip_Water</Value>
                        </Attribute>
                    </Float32>
                    <Float32 name="U">
                        <Dim name="/HDFEOS/GRIDS/SET1/YDim"/>
                        <Dim name="/HDFEOS/GRIDS/SET1/XDim"/>
                        <Attribute name="_FillValue" type="Float32">
                            <Value>-999.</Value>
                        </Attribute>
                        <Attribute name="LongName" type="String">
                            <Value>10-m wind speed</Value>
                        </Attribute>
                        <Attribute name="Units" type="String">
                            <Value>m/s</Value>
                        </Attribute>
                        <Attribute name="fullnamepath" type="String">
                            <Value>/HDFEOS/GRIDS/SET1/Data Fields/U</Value>
                        </Attribute>
                    </Float32>
                    <Float32 name="WB">
                        <Dim name="/HDFEOS/GRIDS/SET1/YDim"/>
                        <Dim name="/HDFEOS/GRIDS/SET1/XDim"/>
                        <Attribute name="_FillValue" type="Float32">
                            <Value>-999.</Value>
                        </Attribute>
                        <Attribute name="LongName" type="String">
                            <Value>lowest 500-m precipitable water</Value>
                        </Attribute>
                        <Attribute name="Units" type="String">
                            <Value>g/cm^^2</Value>
                        </Attribute>
                        <Attribute name="fullnamepath" type="String">
                            <Value>/HDFEOS/GRIDS/SET1/Data Fields/WB</Value>
                        </Attribute>
                    </Float32>
                </Group>
            </Group>
            <Group name="SET2">
                <Dimension name="YDim" size="180"/>
                <Dimension name="XDim" size="360"/>
                <Dimension name="Xdim" size="360"/>
                <Dimension name="Ydim" size="180"/>
                <Float32 name="YDim">
                    <Dim name="/HDFEOS/GRIDS/SET2/YDim"/>
                    <Attribute name="units" type="String">
                        <Value>degrees_north</Value>
                    </Attribute>
                </Float32>
                <Float32 name="XDim">
                    <Dim name="/HDFEOS/GRIDS/SET2/XDim"/>
                    <Attribute name="units" type="String">
                        <Value>degrees_east</Value>
                    </Attribute>
                </Float32>
                <Group name="Data_Fields">
                    <Float32 name="DQ">
                        <Dim name="/HDFEOS/GRIDS/SET2/YDim"/>
                        <Dim name="/HDFEOS/GRIDS/SET2/XDim"/>
                        <Attribute name="_FillValue" type="Float32">
                            <Value>-999.</Value>
                        </Attribute>
                        <Attribute name="LongName" type="String">
                            <Value>sea-air humidity difference</Value>
                        </Attribute>
                        <Attribute name="Units" type="String">
                            <Value>g/kg</Value>
                        </Attribute>
                        <Attribute name="fullnamepath" type="String">
                            <Value>/HDFEOS/GRIDS/SET2/Data Fields/DQ</Value>
                        </Attribute>
                    </Float32>
                    <Float32 name="E">
                        <Dim name="/HDFEOS/GRIDS/SET2/YDim"/>
                        <Dim name="/HDFEOS/GRIDS/SET2/XDim"/>
                        <Attribute name="_FillValue" type="Float32">
                            <Value>-999.</Value>
                        </Attribute>
                        <Attribute name="LongName" type="String">
                            <Value>latent heat flux</Value>
                        </Attribute>
                        <Attribute name="Units" type="String">
                            <Value>W/m^^2</Value>
                        </Attribute>
                        <Attribute name="fullnamepath" type="String">
                            <Value>/HDFEOS/GRIDS/SET2/Data Fields/E</Value>
                        </Attribute>
                    </Float32>
                    <Float32 name="H">
                        <Dim name="/HDFEOS/GRIDS/SET2/YDim"/>
                        <Dim name="/HDFEOS/GRIDS/SET2/XDim"/>
                        <Attribute name="_FillValue" type="Float32">
                            <Value>-999.</Value>
                        </Attribute>
                        <Attribute name="LongName" type="String">
                            <Value>sensible heat flux</Value>
                        </Attribute>
                        <Attribute name="Units" type="String">
                            <Value>W/m^^2</Value>
                        </Attribute>
                        <Attribute name="fullnamepath" type="String">
                            <Value>/HDFEOS/GRIDS/SET2/Data Fields/H</Value>
                        </Attribute>
                    </Float32>
                    <Float32 name="Qair">
                        <Dim name="/HDFEOS/GRIDS/SET2/YDim"/>
                        <Dim name="/HDFEOS/GRIDS/SET2/XDim"/>
                        <Attribute name="_FillValue" type="Float32">
                            <Value>-999.</Value>
                        </Attribute>
                        <Attribute name="LongName" type="String">
                            <Value>surface air (~10-m) specific humidity</Value>
                        </Attribute>
                        <Attribute name="Units" type="String">
                            <Value>g/kg</Value>
                        </Attribute>
                        <Attribute name="fullnamepath" type="String">
                            <Value>/HDFEOS/GRIDS/SET2/Data Fields/Qair</Value>
                        </Attribute>
                    </Float32>
                    <Float32 name="STu">
                        <Dim name="/HDFEOS/GRIDS/SET2/YDim"/>
                        <Dim name="/HDFEOS/GRIDS/SET2/XDim"/>
                        <Attribute name="_FillValue" type="Float32">
                            <Value>-999.</Value>
                        </Attribute>
                        <Attribute name="LongName" type="String">
                            <Value>zonal wind stress</Value>
                        </Attribute>
                        <Attribute name="Units" type="String">
                            <Value>N/m^^2</Value>
                        </Attribute>
                        <Attribute name="fullnamepath" type="String">
                            <Value>/HDFEOS/GRIDS/SET2/Data Fields/STu</Value>
                        </Attribute>
                    </Float32>
                    <Float32 name="STv">
                        <Dim name="/HDFEOS/GRIDS/SET2/YDim"/>
                        <Dim name="/HDFEOS/GRIDS/SET2/XDim"/>
                        <Attribute name="_FillValue" type="Float32">
                            <Value>-999.</Value>
                        </Attribute>
                        <Attribute name="LongName" type="String">
                            <Value>meridional wind stress</Value>
                        </Attribute>
                        <Attribute name="Units" type="String">
                            <Value>N/m^^2</Value>
                        </Attribute>
                        <Attribute name="fullnamepath" type="String">
                            <Value>/HDFEOS/GRIDS/SET2/Data Fields/STv</Value>
                        </Attribute>
                    </Float32>
                    <Float32 name="Tot_Precip_Water">
                        <Dim name="/HDFEOS/GRIDS/SET2/YDim"/>
                        <Dim name="/HDFEOS/GRIDS/SET2/XDim"/>
                        <Attribute name="_FillValue" type="Float32">
                            <Value>-999.</Value>
                        </Attribute>
                        <Attribute name="LongName" type="String">
                            <Value>total precipitable water</Value>
                        </Attribute>
                        <Attribute name="Units" type="String">
                            <Value>g/cm^^2</Value>
                        </Attribute>
                        <Attribute name="fullnamepath" type="String">
                            <Value>/HDFEOS/GRIDS/SET2/Data Fields/Tot_Precip_Water</Value>
                        </Attribute>
                    </Float32>
                    <Float32 name="U">
                        <Dim name="/HDFEOS/GRIDS/SET2/YDim"/>
                        <Dim name="/HDFEOS/GRIDS/SET2/XDim"/>
                        <Attribute name="_FillValue" type="Float32">
                            <Value>-999.</Value>
                        </Attribute>
                        <Attribute name="LongName" type="String">
                            <Value>10-m wind speed</Value>
                        </Attribute>
                        <Attribute name="Units" type="String">
                            <Value>m/s</Value>
                        </Attribute>
                        <Attribute name="fullnamepath" type="String">
                            <Value>/HDFEOS/GRIDS/SET2/Data Fields/U</Value>
                        </Attribute>
                    </Float32>
                    <Float32 name="WB">
                        <Dim name="/HDFEOS/GRIDS/SET2/YDim"/>
                        <Dim name="/HDFEOS/GRIDS/SET2/XDim"/>
                        <Attribute name="_FillValue" type="Float32">
                            <Value>-999.</Value>
                        </Attribute>
                        <Attribute name="LongName" type="String">
                            <Value>lowest 500-m precipitable water</Value>
                        </Attribute>
                        <Attribute name="Units" type="String">
                            <Value>g/cm^^2</Value>
                        </Attribute>
                        <Attribute name="fullnamepath" type="String">
                            <Value>/HDFEOS/GRIDS/SET2/Data Fields/WB</Value>
                        </Attribute>
                    </Float32>
                </Group>
            </Group>
        </Group>
    </Group>
    <Group name="HDFEOS_INFORMATION">
        <String name="StructMetadata_0">
            <Attribute name="fullnamepath" type="String">
                <Value>/HDFEOS INFORMATION/StructMetadata.0</Value>
            </Attribute>
        </String>
        <Attribute name="HDFEOSVersion" type="String">
            <Value>HDFEOS_5.1.11</Value>
        </Attribute>
    </Group>
</Dataset>
