<?xml version="1.0" encoding="ISO-8859-1"?>
<Dataset xmlns="http://xml.opendap.org/ns/DAP/4.0#" dapVersion="4.0" dmrVersion="removed" name="HIRDLS-Aura_L3SCOL_v06-00-00-c02_2005d022-2008d077.he5">
    <Dimension name="XDim" size="180"/>
    <Dimension name="YDim" size="73"/>
    <Dimension name="nTimes" size="1151"/>
    <Float32 name="XDim">
        <Dim name="/XDim"/>
        <Attribute name="long_name" type="String">
            <Value>longitude</Value>
        </Attribute>
        <Attribute name="units" type="String">
            <Value>degrees_east</Value>
        </Attribute>
        <Attribute name="origname" type="String">
            <Value>XDim</Value>
        </Attribute>
        <Attribute name="fullnamepath" type="String">
            <Value>/HDFEOS/GRIDS/HIRDLS/XDim</Value>
        </Attribute>
        <Attribute name="orig_dimname" type="String">
            <Value>XDim</Value>
        </Attribute>
    </Float32>
    <Float32 name="YDim">
        <Dim name="/YDim"/>
        <Attribute name="long_name" type="String">
            <Value>latitude</Value>
        </Attribute>
        <Attribute name="units" type="String">
            <Value>degrees_north</Value>
        </Attribute>
        <Attribute name="origname" type="String">
            <Value>YDim</Value>
        </Attribute>
        <Attribute name="fullnamepath" type="String">
            <Value>/HDFEOS/GRIDS/HIRDLS/YDim</Value>
        </Attribute>
        <Attribute name="orig_dimname" type="String">
            <Value>YDim</Value>
        </Attribute>
    </Float32>
    <Float32 name="nTimes">
        <Dim name="/nTimes"/>
        <Attribute name="_FillValue" type="Float64">
            <Value>-999.00000000000000</Value>
        </Attribute>
        <Attribute name="missing_value" type="Float64">
            <Value>-999.00000000000000</Value>
        </Attribute>
        <Attribute name="units" type="String">
            <Value>seconds since 1993-01-01</Value>
        </Attribute>
        <Attribute name="origname" type="String">
            <Value>nTimes</Value>
        </Attribute>
        <Attribute name="fullnamepath" type="String">
            <Value>/HDFEOS/GRIDS/HIRDLS/nTimes</Value>
        </Attribute>
        <Attribute name="orig_dimname" type="String">
            <Value>nTimes</Value>
        </Attribute>
    </Float32>
    <Int32 name="Day">
        <Dim name="/nTimes"/>
        <Attribute name="_FillValue" type="Int32">
            <Value>-999</Value>
        </Attribute>
        <Attribute name="missing_value" type="Int32">
            <Value>-999</Value>
        </Attribute>
        <Attribute name="title" type="String">
            <Value>Day of Observation</Value>
        </Attribute>
        <Attribute name="units" type="String">
            <Value> </Value>
        </Attribute>
        <Attribute name="origname" type="String">
            <Value>Day</Value>
        </Attribute>
        <Attribute name="fullnamepath" type="String">
            <Value>/HDFEOS/GRIDS/HIRDLS/Data Fields/Day</Value>
        </Attribute>
        <Attribute name="orig_dimname" type="String">
            <Value>nTimes</Value>
        </Attribute>
        <Map name="/nTimes"/>
    </Int32>
    <Float32 name="Latitude">
        <Dim name="/YDim"/>
        <Attribute name="_FillValue" type="Float32">
            <Value>-999.0000000</Value>
        </Attribute>
        <Attribute name="missing_value" type="Float32">
            <Value>-999.0000000</Value>
        </Attribute>
        <Attribute name="title" type="String">
            <Value>Latitude</Value>
        </Attribute>
        <Attribute name="units" type="String">
            <Value>degress_north</Value>
        </Attribute>
        <Attribute name="origname" type="String">
            <Value>Latitude</Value>
        </Attribute>
        <Attribute name="fullnamepath" type="String">
            <Value>/HDFEOS/GRIDS/HIRDLS/Data Fields/Latitude</Value>
        </Attribute>
        <Attribute name="orig_dimname" type="String">
            <Value>YDim</Value>
        </Attribute>
        <Map name="/YDim"/>
    </Float32>
    <Float32 name="Longitude">
        <Dim name="/XDim"/>
        <Attribute name="_FillValue" type="Float32">
            <Value>-999.0000000</Value>
        </Attribute>
        <Attribute name="missing_value" type="Float32">
            <Value>-999.0000000</Value>
        </Attribute>
        <Attribute name="title" type="String">
            <Value>Longitude</Value>
        </Attribute>
        <Attribute name="units" type="String">
            <Value>degrees_east</Value>
        </Attribute>
        <Attribute name="origname" type="String">
            <Value>Longitude</Value>
        </Attribute>
        <Attribute name="fullnamepath" type="String">
            <Value>/HDFEOS/GRIDS/HIRDLS/Data Fields/Longitude</Value>
        </Attribute>
        <Attribute name="orig_dimname" type="String">
            <Value>XDim</Value>
        </Attribute>
        <Map name="/XDim"/>
    </Float32>
    <Int32 name="Month">
        <Dim name="/nTimes"/>
        <Attribute name="_FillValue" type="Int32">
            <Value>-999</Value>
        </Attribute>
        <Attribute name="missing_value" type="Int32">
            <Value>-999</Value>
        </Attribute>
        <Attribute name="title" type="String">
            <Value>Month of observation</Value>
        </Attribute>
        <Attribute name="units" type="String">
            <Value> </Value>
        </Attribute>
        <Attribute name="origname" type="String">
            <Value>Month</Value>
        </Attribute>
        <Attribute name="fullnamepath" type="String">
            <Value>/HDFEOS/GRIDS/HIRDLS/Data Fields/Month</Value>
        </Attribute>
        <Attribute name="orig_dimname" type="String">
            <Value>nTimes</Value>
        </Attribute>
        <Map name="/nTimes"/>
    </Int32>
    <Float32 name="NO2DayColumn">
        <Dim name="/nTimes"/>
        <Dim name="/YDim"/>
        <Dim name="/XDim"/>
        <Attribute name="_FillValue" type="Float32">
            <Value>-999.0000000</Value>
        </Attribute>
        <Attribute name="missing_value" type="Float32">
            <Value>-999.0000000</Value>
        </Attribute>
        <Attribute name="title" type="String">
            <Value>Nitrogen Dioxide Column vmr</Value>
        </Attribute>
        <Attribute name="units" type="String">
            <Value>1</Value>
        </Attribute>
        <Attribute name="origname" type="String">
            <Value>NO2DayColumn</Value>
        </Attribute>
        <Attribute name="fullnamepath" type="String">
            <Value>/HDFEOS/GRIDS/HIRDLS/Data Fields/NO2DayColumn</Value>
        </Attribute>
        <Attribute name="orig_dimname_list" type="String">
            <Value>nTimes YDim XDim</Value>
        </Attribute>
        <Map name="/nTimes"/>
        <Map name="/YDim"/>
        <Map name="/XDim"/>
    </Float32>
    <Float32 name="NO2DayColumnPrecision">
        <Dim name="/nTimes"/>
        <Dim name="/YDim"/>
        <Dim name="/XDim"/>
        <Attribute name="_FillValue" type="Float32">
            <Value>-999.0000000</Value>
        </Attribute>
        <Attribute name="missing_value" type="Float32">
            <Value>-999.0000000</Value>
        </Attribute>
        <Attribute name="title" type="String">
            <Value>Nitrogen Dioxide Column Precision vmr</Value>
        </Attribute>
        <Attribute name="units" type="String">
            <Value>1</Value>
        </Attribute>
        <Attribute name="origname" type="String">
            <Value>NO2DayColumnPrecision</Value>
        </Attribute>
        <Attribute name="fullnamepath" type="String">
            <Value>/HDFEOS/GRIDS/HIRDLS/Data Fields/NO2DayColumnPrecision</Value>
        </Attribute>
        <Attribute name="orig_dimname_list" type="String">
            <Value>nTimes YDim XDim</Value>
        </Attribute>
        <Map name="/nTimes"/>
        <Map name="/YDim"/>
        <Map name="/XDim"/>
    </Float32>
    <Float32 name="NO2DayDataCount">
        <Dim name="/nTimes"/>
        <Dim name="/YDim"/>
        <Dim name="/XDim"/>
        <Attribute name="_FillValue" type="Float32">
            <Value>-999.0000000</Value>
        </Attribute>
        <Attribute name="missing_value" type="Float32">
            <Value>-999.0000000</Value>
        </Attribute>
        <Attribute name="title" type="String">
            <Value>Nitrogen Dioxide Data Count</Value>
        </Attribute>
        <Attribute name="units" type="String">
            <Value> </Value>
        </Attribute>
        <Attribute name="origname" type="String">
            <Value>NO2DayDataCount</Value>
        </Attribute>
        <Attribute name="fullnamepath" type="String">
            <Value>/HDFEOS/GRIDS/HIRDLS/Data Fields/NO2DayDataCount</Value>
        </Attribute>
        <Attribute name="orig_dimname_list" type="String">
            <Value>nTimes YDim XDim</Value>
        </Attribute>
        <Map name="/nTimes"/>
        <Map name="/YDim"/>
        <Map name="/XDim"/>
    </Float32>
    <Float64 name="Time">
        <Dim name="/nTimes"/>
        <Attribute name="_FillValue" type="Float64">
            <Value>-999.00000000000000</Value>
        </Attribute>
        <Attribute name="missing_value" type="Float64">
            <Value>-999.00000000000000</Value>
        </Attribute>
        <Attribute name="title" type="String">
            <Value>TAI Time</Value>
        </Attribute>
        <Attribute name="units" type="String">
            <Value>seconds since 1993-01-01</Value>
        </Attribute>
        <Attribute name="origname" type="String">
            <Value>Time</Value>
        </Attribute>
        <Attribute name="fullnamepath" type="String">
            <Value>/HDFEOS/GRIDS/HIRDLS/Data Fields/Time</Value>
        </Attribute>
        <Attribute name="orig_dimname" type="String">
            <Value>nTimes</Value>
        </Attribute>
        <Map name="/nTimes"/>
    </Float64>
    <Int32 name="Year">
        <Dim name="/nTimes"/>
        <Attribute name="_FillValue" type="Int32">
            <Value>-999</Value>
        </Attribute>
        <Attribute name="missing_value" type="Int32">
            <Value>-999</Value>
        </Attribute>
        <Attribute name="title" type="String">
            <Value>Year of Observation</Value>
        </Attribute>
        <Attribute name="units" type="String">
            <Value> </Value>
        </Attribute>
        <Attribute name="origname" type="String">
            <Value>Year</Value>
        </Attribute>
        <Attribute name="fullnamepath" type="String">
            <Value>/HDFEOS/GRIDS/HIRDLS/Data Fields/Year</Value>
        </Attribute>
        <Attribute name="orig_dimname" type="String">
            <Value>nTimes</Value>
        </Attribute>
        <Map name="/nTimes"/>
    </Int32>
    <String name="StructMetadata_0">
        <Attribute name="origname" type="String">
            <Value>StructMetadata.0</Value>
        </Attribute>
        <Attribute name="fullnamepath" type="String">
            <Value>/HDFEOS INFORMATION/StructMetadata.0</Value>
        </Attribute>
    </String>
    <String name="coremetadata_0">
        <Attribute name="origname" type="String">
            <Value>coremetadata.0</Value>
        </Attribute>
        <Attribute name="fullnamepath" type="String">
            <Value>/HDFEOS INFORMATION/coremetadata.0</Value>
        </Attribute>
    </String>
    <Attribute name="CoreMetadata" type="String">
        <Value>
GROUP                  = INVENTORYMETADATA
  GROUPTYPE            = MASTERGROUP

  GROUP                  = ECSDATAGRANULE

    OBJECT                 = REPROCESSINGPLANNED
      NUM_VAL              = 1
      VALUE                = &quot;Further update anticipated using enhanced PGE&quot;
    END_OBJECT             = REPROCESSINGPLANNED

    OBJECT                 = REPROCESSINGACTUAL
      NUM_VAL              = 1
      VALUE                = &quot;Reprocessed once&quot;
    END_OBJECT             = REPROCESSINGACTUAL

    OBJECT                 = LOCALGRANULEID
      NUM_VAL              = 1
      VALUE                = &quot;./HIRDLS-Aura_L3SCOL_v06-00-00-c02_2005d022-2008d077.he5&quot;
    END_OBJECT             = LOCALGRANULEID

    OBJECT                 = DAYNIGHTFLAG
      NUM_VAL              = 1
      VALUE                = &quot;Day&quot;
    END_OBJECT             = DAYNIGHTFLAG

    OBJECT                 = PRODUCTIONDATETIME
      NUM_VAL              = 1
      VALUE                = &quot;2011-08-19T21:20:43.000Z&quot;
    END_OBJECT             = PRODUCTIONDATETIME

    OBJECT                 = LOCALVERSIONID
      NUM_VAL              = 1
      VALUE                = &quot;6.00.00&quot;
    END_OBJECT             = LOCALVERSIONID

  END_GROUP              = ECSDATAGRANULE

  GROUP                  = MEASUREDPARAMETER

    OBJECT                 = MEASUREDPARAMETERCONTAINER
      CLASS                = &quot;1&quot;

      OBJECT                 = PARAMETERNAME
        NUM_VAL              = 1
        CLASS                = &quot;1&quot;
        VALUE                = &quot;N2O (Day)&quot;
      END_OBJECT             = PARAMETERNAME

      GROUP                  = QAFLAGS
        CLASS                = &quot;1&quot;

        OBJECT                 = AUTOMATICQUALITYFLAG
          NUM_VAL              = 1
          CLASS                = &quot;1&quot;
          VALUE                = &quot;Suspect&quot;
        END_OBJECT             = AUTOMATICQUALITYFLAG

        OBJECT                 = AUTOMATICQUALITYFLAGEXPLANATION
          NUM_VAL              = 1
          CLASS                = &quot;1&quot;
          VALUE                = &quot;Process Terminated Normally - Check Science Quality Flag for Science Team quality assessment&quot;
        END_OBJECT             = AUTOMATICQUALITYFLAGEXPLANATION

        OBJECT                 = OPERATIONALQUALITYFLAG
          NUM_VAL              = 1
          CLASS                = &quot;1&quot;
          VALUE                = &quot;Not Investigated&quot;
        END_OBJECT             = OPERATIONALQUALITYFLAG

        OBJECT                 = OPERATIONALQUALITYFLAGEXPLANATION
          NUM_VAL              = 1
          CLASS                = &quot;1&quot;
          VALUE                = &quot;Q/A process has not yet been run&quot;
        END_OBJECT             = OPERATIONALQUALITYFLAGEXPLANATION

        OBJECT                 = SCIENCEQUALITYFLAG
          NUM_VAL              = 1
          VALUE                = &quot;Not Investigated&quot;
          CLASS                = &quot;1&quot;
        END_OBJECT             = SCIENCEQUALITYFLAG

      END_GROUP              = QAFLAGS

      GROUP                  = QASTATS
        CLASS                = &quot;1&quot;

        OBJECT                 = QAPERCENTMISSINGDATA
          NUM_VAL              = 1
          CLASS                = &quot;1&quot;
          VALUE                = 0
        END_OBJECT             = QAPERCENTMISSINGDATA

        OBJECT                 = QAPERCENTOUTOFBOUNDSDATA
          NUM_VAL              = 1
          CLASS                = &quot;1&quot;
          VALUE                = 0
        END_OBJECT             = QAPERCENTOUTOFBOUNDSDATA

      END_GROUP              = QASTATS

    END_OBJECT             = MEASUREDPARAMETERCONTAINER

  END_GROUP              = MEASUREDPARAMETER

  GROUP                  = COLLECTIONDESCRIPTIONCLASS

    OBJECT                 = SHORTNAME
      NUM_VAL              = 1
      VALUE                = &quot;HIR3SCOL&quot;
    END_OBJECT             = SHORTNAME

    OBJECT                 = VERSIONID
      NUM_VAL              = 1
      VALUE                = 6
    END_OBJECT             = VERSIONID

  END_GROUP              = COLLECTIONDESCRIPTIONCLASS

  GROUP                  = INPUTGRANULE

    OBJECT                 = INPUTPOINTER
      NUM_VAL              = 1
      VALUE                = &quot;See Production History File for this information&quot;
    END_OBJECT             = INPUTPOINTER

  END_GROUP              = INPUTGRANULE

  GROUP                  = SPATIALDOMAINCONTAINER

    GROUP                  = GRANULELOCALITY

      OBJECT                 = LOCALITYVALUE
        NUM_VAL              = 1
        VALUE                = &quot;Global&quot;
      END_OBJECT             = LOCALITYVALUE

    END_GROUP              = GRANULELOCALITY

    GROUP                  = VERTICALSPATIALDOMAIN

      OBJECT                 = VERTICALSPATIALDOMAINCONTAINER
        CLASS                = &quot;1&quot;

        OBJECT                 = VERTICALSPATIALDOMAINTYPE
          CLASS                = &quot;1&quot;
          NUM_VAL              = 1
          VALUE                = &quot;Atmosphere Layer&quot;
        END_OBJECT             = VERTICALSPATIALDOMAINTYPE

        OBJECT                 = VERTICALSPATIALDOMAINVALUE
          CLASS                = &quot;1&quot;
          NUM_VAL              = 1
          VALUE                = &quot;Atmosphere Profile&quot;
        END_OBJECT             = VERTICALSPATIALDOMAINVALUE

      END_OBJECT             = VERTICALSPATIALDOMAINCONTAINER

    END_GROUP              = VERTICALSPATIALDOMAIN

    GROUP                  = HORIZONTALSPATIALDOMAINCONTAINER

      GROUP                  = BOUNDINGRECTANGLE

        OBJECT                 = WESTBOUNDINGCOORDINATE
          NUM_VAL              = 1
          VALUE                = -180.0
        END_OBJECT             = WESTBOUNDINGCOORDINATE

        OBJECT                 = NORTHBOUNDINGCOORDINATE
          NUM_VAL              = 1
          VALUE                = 80.0
        END_OBJECT             = NORTHBOUNDINGCOORDINATE

        OBJECT                 = EASTBOUNDINGCOORDINATE
          NUM_VAL              = 1
          VALUE                = 180.0
        END_OBJECT             = EASTBOUNDINGCOORDINATE

        OBJECT                 = SOUTHBOUNDINGCOORDINATE
          NUM_VAL              = 1
          VALUE                = -64.0
        END_OBJECT             = SOUTHBOUNDINGCOORDINATE

      END_GROUP              = BOUNDINGRECTANGLE

    END_GROUP              = HORIZONTALSPATIALDOMAINCONTAINER

  END_GROUP              = SPATIALDOMAINCONTAINER

  GROUP                  = RANGEDATETIME

    OBJECT                 = RANGEBEGINNINGDATE
      NUM_VAL              = 1
      VALUE                = &quot;2005-01-22&quot;
    END_OBJECT             = RANGEBEGINNINGDATE

    OBJECT                 = RANGEBEGINNINGTIME
      NUM_VAL              = 1
      VALUE                = &quot;00:00:00.00&quot;
    END_OBJECT             = RANGEBEGINNINGTIME

    OBJECT                 = RANGEENDINGDATE
      NUM_VAL              = 1
      VALUE                = &quot;2008-03-17&quot;
    END_OBJECT             = RANGEENDINGDATE

    OBJECT                 = RANGEENDINGTIME
      NUM_VAL              = 1
      VALUE                = &quot;23:59:59.99&quot;
    END_OBJECT             = RANGEENDINGTIME

  END_GROUP              = RANGEDATETIME

  GROUP                  = PGEVERSIONCLASS

    OBJECT                 = PGEVERSION
      NUM_VAL              = 1
      VALUE                = &quot;L3PSTB16sc&quot;
    END_OBJECT             = PGEVERSION

  END_GROUP              = PGEVERSIONCLASS

END_GROUP              = INVENTORYMETADATA

END
</Value>
    </Attribute>
    <Attribute name="HDFEOS" type="Container"/>
    <Attribute name="HDFEOS_ADDITIONAL" type="Container"/>
    <Attribute name="HDFEOS_ADDITIONAL_FILE_ATTRIBUTES" type="Container">
        <Attribute name="InstrumentName" type="String">
            <Value>HIRDLS</Value>
        </Attribute>
        <Attribute name="ProcessLevel" type="String">
            <Value>L3    </Value>
        </Attribute>
        <Attribute name="PGEVersion" type="String">
            <Value>L3PSTB16sc</Value>
        </Attribute>
        <Attribute name="HIRDLSFileType" type="String">
            <Value>HIR3SCOL</Value>
        </Attribute>
        <Attribute name="Period" type="String">
            <Value>Daily</Value>
        </Attribute>
        <Attribute name="fullnamepath" type="String">
            <Value>/HDFEOS/ADDITIONAL/FILE_ATTRIBUTES</Value>
        </Attribute>
    </Attribute>
    <Attribute name="HDFEOS_GRIDS" type="Container"/>
    <Attribute name="HDFEOS_GRIDS_HIRDLS" type="Container">
        <Attribute name="VerticalCoordinate" type="String">
            <Value>Partial Column</Value>
        </Attribute>
        <Attribute name="ColumnPressureMinimum" type="Float32">
            <Value>1.000000000</Value>
        </Attribute>
        <Attribute name="ColumnPressureMaximum" type="Float32">
            <Value>57.00000000</Value>
        </Attribute>
        <Attribute name="ColumnPressureUnits" type="String">
            <Value>hPa</Value>
        </Attribute>
        <Attribute name="fullnamepath" type="String">
            <Value>/HDFEOS/GRIDS/HIRDLS</Value>
        </Attribute>
    </Attribute>
    <Attribute name="HDFEOS_GRIDS_HIRDLS_Data_Fields" type="Container"/>
    <Attribute name="HDFEOS_INFORMATION" type="Container">
        <Attribute name="HDFEOSVersion" type="String">
            <Value>HDFEOS_removed version</Value>
        </Attribute>
        <Attribute name="fullnamepath" type="String">
            <Value>/HDFEOS INFORMATION</Value>
        </Attribute>
    </Attribute>
</Dataset>
