<?xml version="1.0" encoding="ISO-8859-1"?>
<Dataset name="grid_1_3d_zz.h5" xmlns:xsi="http://www.w3.org/2001/XMLSchema-instance" xsi:schemaLocation="http://xml.opendap.org/ns/DAP/3.2# http://xml.opendap.org/dap/dap3.2.xsd" xmlns:grddl="http://www.w3.org/2003/g/data-view#" grddl:transformation="http://xml.opendap.org/transforms/ddxToRdfTriples.xsl" xmlns="http://xml.opendap.org/ns/DAP/3.2#" xmlns:dap="http://xml.opendap.org/ns/DAP/3.2#" dapVersion="3.2">
    <Attribute name="HDFEOS" type="Container"/>
    <Attribute name="HDFEOS_ADDITIONAL" type="Container"/>
    <Attribute name="HDFEOS_ADDITIONAL_FILE_ATTRIBUTES" type="Container"/>
    <Attribute name="HDFEOS_GRIDS" type="Container"/>
    <Attribute name="HDFEOS_GRIDS_GeoGrid" type="Container"/>
    <Attribute name="HDFEOS_GRIDS_GeoGrid_Data_Fields" type="Container"/>
    <Attribute name="HDFEOS_INFORMATION" type="Container">
        <Attribute name="HDFEOSVersion" type="String">
            <value>HDFEOS_removed_version</value>
        </Attribute>
        <Attribute name="fullnamepath" type="String">
            <value>/HDFEOS INFORMATION</value>
        </Attribute>
    </Attribute>
    <Array name="Level">
        <Attribute name="units" type="String">
            <value>hPa</value>
        </Attribute>
        <Attribute name="origname" type="String">
            <value>Level</value>
        </Attribute>
        <Attribute name="fullnamepath" type="String">
            <value>/HDFEOS/GRIDS/GeoGrid/Data Fields/Level</value>
        </Attribute>
        <Attribute name="orig_dimname" type="String">
            <value>ZDim</value>
        </Attribute>
        <Float32/>
        <dimension name="ZDim" size="2"/>
    </Array>
    <Array name="Pressure">
        <Attribute name="units" type="String">
            <value>hPa</value>
        </Attribute>
        <Attribute name="origname" type="String">
            <value>Pressure</value>
        </Attribute>
        <Attribute name="fullnamepath" type="String">
            <value>/HDFEOS/GRIDS/GeoGrid/Data Fields/Pressure</value>
        </Attribute>
        <Attribute name="orig_dimname" type="String">
            <value>ZDim</value>
        </Attribute>
        <Float32/>
        <dimension name="ZDim" size="2"/>
    </Array>
    <Array name="Temperature">
        <Attribute name="units" type="String">
            <value>K</value>
        </Attribute>
        <Attribute name="origname" type="String">
            <value>Temperature</value>
        </Attribute>
        <Attribute name="fullnamepath" type="String">
            <value>/HDFEOS/GRIDS/GeoGrid/Data Fields/Temperature</value>
        </Attribute>
        <Attribute name="orig_dimname_list" type="String">
            <value>ZDim YDim XDim</value>
        </Attribute>
        <Float32/>
        <dimension name="ZDim" size="2"/>
        <dimension name="Latitude" size="4"/>
        <dimension name="Longitude" size="8"/>
    </Array>
    <String name="StructMetadata_0">
        <Attribute name="origname" type="String">
            <value>StructMetadata.0</value>
        </Attribute>
        <Attribute name="fullnamepath" type="String">
            <value>/HDFEOS INFORMATION/StructMetadata.0</value>
        </Attribute>
    </String>
    <Array name="Latitude">
        <Attribute name="units" type="String">
            <value>degrees_north</value>
        </Attribute>
        <Attribute name="origname" type="String">
            <value>Latitude</value>
        </Attribute>
        <Attribute name="fullnamepath" type="String">
            <value>/HDFEOS/GRIDS/GeoGrid/Data Fields/Latitude</value>
        </Attribute>
        <Attribute name="orig_dimname" type="String">
            <value>YDim</value>
        </Attribute>
        <Float32/>
        <dimension name="Latitude" size="4"/>
    </Array>
    <Array name="Longitude">
        <Attribute name="units" type="String">
            <value>degrees_east</value>
        </Attribute>
        <Attribute name="origname" type="String">
            <value>Longitude</value>
        </Attribute>
        <Attribute name="fullnamepath" type="String">
            <value>/HDFEOS/GRIDS/GeoGrid/Data Fields/Longitude</value>
        </Attribute>
        <Attribute name="orig_dimname" type="String">
            <value>XDim</value>
        </Attribute>
        <Float32/>
        <dimension name="Longitude" size="8"/>
    </Array>
    <Array name="ZDim">
        <Attribute name="units" type="String">
            <value>level</value>
        </Attribute>
        <Int32/>
        <dimension name="ZDim" size="2"/>
    </Array>
    <blob href="cid:"/>
</Dataset>
