<?xml version="1.0" encoding="ISO-8859-1"?>
<Dataset name="C19860011986008.L3m_8D_CHLO_4.hdf" xmlns:xsi="http://www.w3.org/2001/XMLSchema-instance" xmlns="http://xml.opendap.org/ns/DAP2" xsi:schemaLocation="http://xml.opendap.org/ns/DAP2 http://xml.opendap.org/dap/dap2.xsd">
    <Attribute name="HDF_GLOBAL" type="Container">
        <Attribute name="Product_Name" type="String">
            <value>C19860011986008.L3m_8D_CHLO_4</value>
        </Attribute>
        <Attribute name="Sensor_Name" type="String">
            <value>CZCS</value>
        </Attribute>
        <Attribute name="Sensor" type="String">
            <value></value>
        </Attribute>
        <Attribute name="Title" type="String">
            <value>CZCS Level-3 Standard Mapped Image</value>
        </Attribute>
        <Attribute name="Data_Center" type="String">
            <value></value>
        </Attribute>
        <Attribute name="Station_Name" type="String">
            <value></value>
        </Attribute>
        <Attribute name="Station_Latitude" type="Float32">
            <value>0.000000000</value>
        </Attribute>
        <Attribute name="Station_Longitude" type="Float32">
            <value>0.000000000</value>
        </Attribute>
        <Attribute name="Mission" type="String">
            <value></value>
        </Attribute>
        <Attribute name="Mission_Characteristics" type="String">
            <value></value>
        </Attribute>
        <Attribute name="Sensor_Characteristics" type="String">
            <value></value>
        </Attribute>
        <Attribute name="Product_Type" type="String">
            <value>8-day</value>
        </Attribute>
        <Attribute name="Replacement_Flag" type="String">
            <value>ORIGINAL</value>
        </Attribute>
        <Attribute name="Software_Name" type="String">
            <value>smigen</value>
        </Attribute>
        <Attribute name="Software_Version" type="String">
            <value>3.60</value>
        </Attribute>
        <Attribute name="Processing_Time" type="String">
            <value>2007200211050000</value>
        </Attribute>
        <Attribute name="Input_Files" type="String">
            <value>C19860011986008.L3b_8D.main</value>
        </Attribute>
        <Attribute name="Processing_Control" type="String">
            <value>smigen par=C19860011986008.L3m_8D_CHLO_4.param</value>
        </Attribute>
        <Attribute name="Input_Parameters" type="String">
            <value>IFILE = /data1/vdc/sdpsoper/vpu0/workbuf/C19860011986008.L3b_8D.main|OFILE = C19860011986008.L3m_8D_CHLO_4|PFILE = |PROD = chlor_a|PALFILE = DEFAULT|RFLAG = ORIGINAL|MEAS = 1|STYPE = 0|DATAMIN = 0.000000|DATAMAX = 0.000000|LONWEST = -180.000000|LONEAST = 180.000000|LATSOUTH = -90.000000|LATNORTH = 90.000000|RESOLUTION = 4km|PROJECTION = RECT|GAP_FILL = 0|SEAM_LON = -180.000000|PRECISION=I</value>
        </Attribute>
        <Attribute name="L2_Flag_Names" type="String">
            <value>ATMFAIL,LAND,HILT,HISATZEN,STRAYLIGHT,CLDICE,COCCOLITH,LOWLW,CHLWARN,CHLFAIL,NAVWARN,MAXAERITER,ATMWARN,HISOLZEN,NAVFAIL,FILTER</value>
        </Attribute>
        <Attribute name="Period_Start_Year" type="Int16">
            <value>1986</value>
        </Attribute>
        <Attribute name="Period_Start_Day" type="Int16">
            <value>2</value>
        </Attribute>
        <Attribute name="Period_End_Year" type="Int16">
            <value>1986</value>
        </Attribute>
        <Attribute name="Period_End_Day" type="Int16">
            <value>8</value>
        </Attribute>
        <Attribute name="Start_Time" type="String">
            <value>1986002141200713</value>
        </Attribute>
        <Attribute name="End_Time" type="String">
            <value>1986009010355079</value>
        </Attribute>
        <Attribute name="Start_Year" type="Int16">
            <value>1986</value>
        </Attribute>
        <Attribute name="Start_Day" type="Int16">
            <value>2</value>
        </Attribute>
        <Attribute name="Start_Millisec" type="Int32">
            <value>51120713</value>
        </Attribute>
        <Attribute name="End_Year" type="Int16">
            <value>1986</value>
        </Attribute>
        <Attribute name="End_Day" type="Int16">
            <value>9</value>
        </Attribute>
        <Attribute name="End_Millisec" type="Int32">
            <value>3835079</value>
        </Attribute>
        <Attribute name="Start_Orbit" type="Int32">
            <value>36315</value>
        </Attribute>
        <Attribute name="End_Orbit" type="Int32">
            <value>36404</value>
        </Attribute>
        <Attribute name="Orbit" type="Int32">
            <value>36359</value>
        </Attribute>
        <Attribute name="Map_Projection" type="String">
            <value>Equidistant Cylindrical</value>
        </Attribute>
        <Attribute name="Latitude_Units" type="String">
            <value>degrees North</value>
        </Attribute>
        <Attribute name="Longitude_Units" type="String">
            <value>degrees East</value>
        </Attribute>
        <Attribute name="Northernmost_Latitude" type="Float32">
            <value>90.00000000</value>
        </Attribute>
        <Attribute name="Southernmost_Latitude" type="Float32">
            <value>-90.00000000</value>
        </Attribute>
        <Attribute name="Westernmost_Longitude" type="Float32">
            <value>-180.0000000</value>
        </Attribute>
        <Attribute name="Easternmost_Longitude" type="Float32">
            <value>180.0000000</value>
        </Attribute>
        <Attribute name="Latitude_Step" type="Float32">
            <value>0.04166666791</value>
        </Attribute>
        <Attribute name="Longitude_Step" type="Float32">
            <value>0.04166666791</value>
        </Attribute>
        <Attribute name="SW_Point_Latitude" type="Float32">
            <value>-89.97916412</value>
        </Attribute>
        <Attribute name="SW_Point_Longitude" type="Float32">
            <value>-179.9791718</value>
        </Attribute>
        <Attribute name="Data_Bins" type="Int32">
            <value>1101790</value>
        </Attribute>
        <Attribute name="Number_of_Lines" type="Int32">
            <value>4320</value>
        </Attribute>
        <Attribute name="Number_of_Columns" type="Int32">
            <value>8640</value>
        </Attribute>
        <Attribute name="Parameter" type="String">
            <value>Chlorophyll a concentration</value>
        </Attribute>
        <Attribute name="Measure" type="String">
            <value>Mean</value>
        </Attribute>
        <Attribute name="Units" type="String">
            <value>mg m^-3</value>
        </Attribute>
        <Attribute name="Scaling" type="String">
            <value>logarithmic</value>
        </Attribute>
        <Attribute name="Scaling_Equation" type="String">
            <value>Base**((Slope*l3m_data) + Intercept) = Parameter value</value>
        </Attribute>
        <Attribute name="Base" type="Float32">
            <value>10.00000000</value>
        </Attribute>
        <Attribute name="Slope" type="Float32">
            <value>5.813775715e-05</value>
        </Attribute>
        <Attribute name="Intercept" type="Float32">
            <value>-2.000000000</value>
        </Attribute>
        <Attribute name="Scaled_Data_Minimum" type="Float32">
            <value>0.009999999776</value>
        </Attribute>
        <Attribute name="Scaled_Data_Maximum" type="Float32">
            <value>64.56539917</value>
        </Attribute>
        <Attribute name="Data_Minimum" type="Float32">
            <value>0.0009459999856</value>
        </Attribute>
        <Attribute name="Data_Maximum" type="Float32">
            <value>99.36705780</value>
        </Attribute>
    </Attribute>
    <Array name="l3m_data">
        <Attribute name="long_name" type="String">
            <value>l3m_data</value>
        </Attribute>
        <Attribute name="_FillValue" type="UInt16">
            <value>65535</value>
        </Attribute>
        <Attribute name="Scaling" type="String">
            <value>logarithmic</value>
        </Attribute>
        <Attribute name="Scaling_Equation" type="String">
            <value>Base**((Slope*l3m_data) + Intercept) = Parameter value</value>
        </Attribute>
        <Attribute name="Base" type="Float32">
            <value>10.00000000</value>
        </Attribute>
        <Attribute name="Slope" type="Float32">
            <value>5.813775715e-05</value>
        </Attribute>
        <Attribute name="Intercept" type="Float32">
            <value>-2.000000000</value>
        </Attribute>
        <Attribute name="coordinates" type="String">
            <value>Number_of_Lines Number_of_Columns</value>
        </Attribute>
        <UInt16/>
        <dimension name="Number_of_Lines" size="4320"/>
        <dimension name="Number_of_Columns" size="8640"/>
    </Array>
    <Array name="Number_of_Lines">
        <Attribute name="long_name" type="String">
            <value>latitude</value>
        </Attribute>
        <Attribute name="units" type="String">
            <value>degrees_north</value>
        </Attribute>
        <Float32/>
        <dimension name="Number_of_Lines" size="4320"/>
    </Array>
    <Array name="Number_of_Columns">
        <Attribute name="long_name" type="String">
            <value>longitude</value>
        </Attribute>
        <Attribute name="units" type="String">
            <value>degrees_east</value>
        </Attribute>
        <Float32/>
        <dimension name="Number_of_Columns" size="8640"/>
    </Array>
    <dataBLOB href=""/>
</Dataset>
