Dataset {
    Float32 Solar_Incidence_For_Monthly_Averages_By_Day__2_5R_[Latitude = 72][Longitude = 144];
    Float32 Monthly_Net_Radiant_Flux_By_Day__2_5R_[Latitude = 72][Longitude = 144];
    Float32 Clear_Sky_Net_Radiant_Flux___Monthly_By_Day__2_5R_[Latitude = 72][Longitude = 144];
    Float32 Clear_Sky_Solar_Incidence___Monthly_By_Day__2_5R_[Latitude = 72][Longitude = 144];
    Float32 Monthly_Net_Radiant_Flux_By_Hour__2_5R_[Latitude = 72][Longitude = 144];
    Float32 Solar_Incidence___Monthly_By_Hour__2_5R_[Latitude = 72][Longitude = 144];
    Float32 Clear_Sky_Net_Radiant_Flux___Monthly_By_Hour__2_5R_[Latitude = 72][Longitude = 144];
    Float32 Clear_Sky_Solar_Incidence___Monthly_By_Hour__2_5R_[Latitude = 72][Longitude = 144];
    Float32 Daily_Solar_Incidence__2_5R_[Day = 31][Latitude = 72][Longitude = 144];
    Float32 Hourly_Solar_Incidence__2_5R_[Hour = 24][Latitude = 72][Longitude = 144];
    Float32 Clear_Sky_Solar_Incidence__2_5R_[Hour = 24][Latitude = 72][Longitude = 144];
    Float32 Longwave_Flux__2_5R_[Latitude = 72][Longitude = 144];
    Float32 Shortwave_Flux__2_5R_[Latitude = 72][Longitude = 144];
    Float32 Monthly_Mean_Albedo__2_5R_[Latitude = 72][Longitude = 144];
    Float32 Clear_Sky_Longwave_Flux__2_5R_[Latitude = 72][Longitude = 144];
    Float32 Clear_Sky_Shortwave_Flux__2_5R_[Latitude = 72][Longitude = 144];
    Float32 Monthly_Mean_Clear_Sky_Albedo__2_5R_[Latitude = 72][Longitude = 144];
    Float32 Longwave_Flux_By_The_Hour__2_5R_[Latitude = 72][Longitude = 144];
    Float32 Shortwave_Flux_By_The_Hour__2_5R_[Latitude = 72][Longitude = 144];
    Float32 Monthly_Average_Albedo_By_The_Hour__2_5R_[Latitude = 72][Longitude = 144];
    Float32 Clear_Sky_Longwave_Flux_By_The_Hour__2_5R_[Latitude = 72][Longitude = 144];
    Float32 Clear_Sky_Shortwave_Flux_By_The_Hour__2_5R_[Latitude = 72][Longitude = 144];
    Float32 Clear_Sky_Monthly_Averaged_Albedo_By_The_Hour__2_5R_[Latitude = 72][Longitude = 144];
    Float32 Longwave_Flux___Daily__2_5R_[Day = 31][Latitude = 72][Longitude = 144];
    Float32 Shortwave_Flux___Daily__2_5R_[Day = 31][Latitude = 72][Longitude = 144];
    Float32 Monthly_Mean_Albedo___Daily__2_5R_[Day = 31][Latitude = 72][Longitude = 144];
    Float32 Clear_Sky_Longwave_Flux___Daily__2_5R_[Day = 31][Latitude = 72][Longitude = 144];
    Float32 Clear_Sky_Shortwave_Flux___Daily__2_5R_[Day = 31][Latitude = 72][Longitude = 144];
    Float32 Monthly_Mean_Clear_Sky_Albedo___Daily__2_5R_[Day = 31][Latitude = 72][Longitude = 144];
    Float32 Longwave_Flux___Hourly__2_5R_[Hour = 24][Latitude = 72][Longitude = 144];
    Float32 Shortwave_Flux___Hourly__2_5R_[Hour = 24][Latitude = 72][Longitude = 144];
    Float32 Monthly_Average_Albedo___Hourly__2_5R_[Hour = 24][Latitude = 72][Longitude = 144];
    Float32 Clear_Sky_Longwave_Flux___Hourly__2_5R_[Hour = 24][Latitude = 72][Longitude = 144];
    Float32 Clear_Sky_Shortwave_Flux___Hourly__2_5R_[Hour = 24][Latitude = 72][Longitude = 144];
    Float32 Clear_Sky_Monthly_Averaged_Albedo___Hourly__2_5R_[Hour = 24][Latitude = 72][Longitude = 144];
    Int32 Number_Of_Observations_For_LW___Daily__2_5R_[Day = 31][Latitude = 72][Longitude = 144];
    Int32 Number_Of_Observations_SW___Daily__2_5R_[Day = 31][Latitude = 72][Longitude = 144];
    Int32 Number_Of_Observations_For_Clear_Sky_LW___Daily__2_5R_[Day = 31][Latitude = 72][Longitude = 144];
    Int32 Number_Of_Observations_For_Clear_Sky_SW___Daily__2_5R_[Day = 31][Latitude = 72][Longitude = 144];
    Int32 Number_Of_Observations_For_LW___Hourly__2_5R_[Hour = 24][Latitude = 72][Longitude = 144];
    Int32 Number_Of_Observations_For_SW___Hourly__2_5R_[Hour = 24][Latitude = 72][Longitude = 144];
    Int32 Number_Of_Observations_For_Clear_Sky_LW___Hourly__2_5R_[Hour = 24][Latitude = 72][Longitude = 144];
    Int32 Number_Of_Observations_For_Clear_Sky_SW___Hourly__2_5R_[Hour = 24][Latitude = 72][Longitude = 144];
    Int32 Geotype__2_5R_[Latitude = 72][Longitude = 144];
    Int32 Day[Day = 31];
    Int32 Hour[Hour = 24];
    Float64 Latitude[Latitude = 72];
    Float64 Longitude[Longitude = 144];
    Float32 Solar_Incidence_For_Monthly_Averages_By_Day__5NR_[Latitude_1 = 36][Longitude_1 = 72];
    Float32 Monthly_Net_Radiant_Flux_By_Day__5NR_[Latitude_1 = 36][Longitude_1 = 72];
    Float32 Clear_Sky_Net_Radiant_Flux___Monthly_By_Day__5NR_[Latitude_1 = 36][Longitude_1 = 72];
    Float32 Clear_Sky_Solar_Incidence___Monthly_By_Day__5NR_[Latitude_1 = 36][Longitude_1 = 72];
    Float32 Monthly_Net_Radiant_Flux_By_Hour__5NR_[Latitude_1 = 36][Longitude_1 = 72];
    Float32 Solar_Incidence___Monthly_By_Hour__5NR_[Latitude_1 = 36][Longitude_1 = 72];
    Float32 Clear_Sky_Net_Radiant_Flux___Monthly_By_Hour__5NR_[Latitude_1 = 36][Longitude_1 = 72];
    Float32 Clear_Sky_Solar_Incidence___Monthly_By_Hour__5NR_[Latitude_1 = 36][Longitude_1 = 72];
    Float32 Daily_Solar_Incidence__5NR_[Day_1 = 31][Latitude_1 = 36][Longitude_1 = 72];
    Float32 Hourly_Solar_Incidence__5NR_[Hour_1 = 24][Latitude_1 = 36][Longitude_1 = 72];
    Float32 Clear_Sky_Solar_Incidence__5NR_[Hour_1 = 24][Latitude_1 = 36][Longitude_1 = 72];
    Float32 Longwave_Flux__5NR_[Latitude_1 = 36][Longitude_1 = 72];
    Float32 Shortwave_Flux__5NR_[Latitude_1 = 36][Longitude_1 = 72];
    Float32 Monthly_Mean_Albedo__5NR_[Latitude_1 = 36][Longitude_1 = 72];
    Float32 Clear_Sky_Longwave_Flux__5NR_[Latitude_1 = 36][Longitude_1 = 72];
    Float32 Clear_Sky_Shortwave_Flux__5NR_[Latitude_1 = 36][Longitude_1 = 72];
    Float32 Monthly_Mean_Clear_Sky_Albedo__5NR_[Latitude_1 = 36][Longitude_1 = 72];
    Float32 Longwave_Flux_By_The_Hour__5NR_[Latitude_1 = 36][Longitude_1 = 72];
    Float32 Shortwave_Flux_By_The_Hour__5NR_[Latitude_1 = 36][Longitude_1 = 72];
    Float32 Monthly_Average_Albedo_By_The_Hour__5NR_[Latitude_1 = 36][Longitude_1 = 72];
    Float32 Clear_Sky_Longwave_Flux_By_The_Hour__5NR_[Latitude_1 = 36][Longitude_1 = 72];
    Float32 Clear_Sky_Shortwave_Flux_By_The_Hour__5NR_[Latitude_1 = 36][Longitude_1 = 72];
    Float32 Clear_Sky_Monthly_Averaged_Albedo_By_The_Hour__5NR_[Latitude_1 = 36][Longitude_1 = 72];
    Float32 Longwave_Flux___Daily__5NR_[Day_1 = 31][Latitude_1 = 36][Longitude_1 = 72];
    Float32 Shortwave_Flux___Daily__5NR_[Day_1 = 31][Latitude_1 = 36][Longitude_1 = 72];
    Float32 Monthly_Mean_Albedo___Daily__5NR_[Day_1 = 31][Latitude_1 = 36][Longitude_1 = 72];
    Float32 Clear_Sky_Longwave_Flux___Daily__5NR_[Day_1 = 31][Latitude_1 = 36][Longitude_1 = 72];
    Float32 Clear_Sky_Shortwave_Flux___Daily__5NR_[Day_1 = 31][Latitude_1 = 36][Longitude_1 = 72];
    Float32 Monthly_Mean_Clear_Sky_Albedo___Daily__5NR_[Day_1 = 31][Latitude_1 = 36][Longitude_1 = 72];
    Float32 Longwave_Flux___Hourly__5NR_[Hour_1 = 24][Latitude_1 = 36][Longitude_1 = 72];
    Float32 Shortwave_Flux___Hourly__5NR_[Hour_1 = 24][Latitude_1 = 36][Longitude_1 = 72];
    Float32 Monthly_Average_Albedo___Hourly__5NR_[Hour_1 = 24][Latitude_1 = 36][Longitude_1 = 72];
    Float32 Clear_Sky_Longwave_Flux___Hourly__5NR_[Hour_1 = 24][Latitude_1 = 36][Longitude_1 = 72];
    Float32 Clear_Sky_Shortwave_Flux___Hourly__5NR_[Hour_1 = 24][Latitude_1 = 36][Longitude_1 = 72];
    Float32 Clear_Sky_Monthly_Averaged_Albedo___Hourly__5NR_[Hour_1 = 24][Latitude_1 = 36][Longitude_1 = 72];
    Int32 Number_Of_Observations_For_LW___Daily__5NR_[Day_1 = 31][Latitude_1 = 36][Longitude_1 = 72];
    Int32 Number_Of_Observations_SW___Daily__5NR_[Day_1 = 31][Latitude_1 = 36][Longitude_1 = 72];
    Int32 Number_Of_Observations_For_Clear_Sky_LW___Daily__5NR_[Day_1 = 31][Latitude_1 = 36][Longitude_1 = 72];
    Int32 Number_Of_Observations_For_Clear_Sky_SW___Daily__5NR_[Day_1 = 31][Latitude_1 = 36][Longitude_1 = 72];
    Int32 Number_Of_Observations_For_LW___Hourly__5NR_[Hour_1 = 24][Latitude_1 = 36][Longitude_1 = 72];
    Int32 Number_Of_Observations_For_SW___Hourly__5NR_[Hour_1 = 24][Latitude_1 = 36][Longitude_1 = 72];
    Int32 Number_Of_Observations_For_Clear_Sky_LW___Hourly__5NR_[Hour_1 = 24][Latitude_1 = 36][Longitude_1 = 72];
    Int32 Number_Of_Observations_For_Clear_Sky_SW___Hourly__5NR_[Hour_1 = 24][Latitude_1 = 36][Longitude_1 = 72];
    Int32 Geotype__5NR_[Latitude_1 = 36][Longitude_1 = 72];
    Int32 Day_1[Day_1 = 31];
    Int32 Hour_1[Hour_1 = 24];
    Float64 Latitude_1[Latitude_1 = 36];
    Float64 Longitude_1[Longitude_1 = 72];
    Float32 Solar_Incidence_For_Monthly_Averages_By_Day__10NR_[Latitude_2 = 18][Longitude_2 = 36];
    Float32 Monthly_Net_Radiant_Flux_By_Day__10NR_[Latitude_2 = 18][Longitude_2 = 36];
    Float32 Clear_Sky_Net_Radiant_Flux___Monthly_By_Day__10NR_[Latitude_2 = 18][Longitude_2 = 36];
    Float32 Clear_Sky_Solar_Incidence___Monthly_By_Day__10NR_[Latitude_2 = 18][Longitude_2 = 36];
    Float32 Monthly_Net_Radiant_Flux_By_Hour__10NR_[Latitude_2 = 18][Longitude_2 = 36];
    Float32 Solar_Incidence___Monthly_By_Hour__10NR_[Latitude_2 = 18][Longitude_2 = 36];
    Float32 Clear_Sky_Net_Radiant_Flux___Monthly_By_Hour__10NR_[Latitude_2 = 18][Longitude_2 = 36];
    Float32 Clear_Sky_Solar_Incidence___Monthly_By_Hour__10NR_[Latitude_2 = 18][Longitude_2 = 36];
    Float32 Daily_Solar_Incidence__10NR_[Day_2 = 31][Latitude_2 = 18][Longitude_2 = 36];
    Float32 Hourly_Solar_Incidence__10NR_[Hour_2 = 24][Latitude_2 = 18][Longitude_2 = 36];
    Float32 Clear_Sky_Solar_Incidence__10NR_[Hour_2 = 24][Latitude_2 = 18][Longitude_2 = 36];
    Float32 Longwave_Flux__10NR_[Latitude_2 = 18][Longitude_2 = 36];
    Float32 Shortwave_Flux__10NR_[Latitude_2 = 18][Longitude_2 = 36];
    Float32 Monthly_Mean_Albedo__10NR_[Latitude_2 = 18][Longitude_2 = 36];
    Float32 Clear_Sky_Longwave_Flux__10NR_[Latitude_2 = 18][Longitude_2 = 36];
    Float32 Clear_Sky_Shortwave_Flux__10NR_[Latitude_2 = 18][Longitude_2 = 36];
    Float32 Monthly_Mean_Clear_Sky_Albedo__10NR_[Latitude_2 = 18][Longitude_2 = 36];
    Float32 Longwave_Flux_By_The_Hour__10NR_[Latitude_2 = 18][Longitude_2 = 36];
    Float32 Shortwave_Flux_By_The_Hour__10NR_[Latitude_2 = 18][Longitude_2 = 36];
    Float32 Monthly_Average_Albedo_By_The_Hour__10NR_[Latitude_2 = 18][Longitude_2 = 36];
    Float32 Clear_Sky_Longwave_Flux_By_The_Hour__10NR_[Latitude_2 = 18][Longitude_2 = 36];
    Float32 Clear_Sky_Shortwave_Flux_By_The_Hour__10NR_[Latitude_2 = 18][Longitude_2 = 36];
    Float32 Clear_Sky_Monthly_Averaged_Albedo_By_The_Hour__10NR_[Latitude_2 = 18][Longitude_2 = 36];
    Float32 Longwave_Flux___Daily__10NR_[Day_2 = 31][Latitude_2 = 18][Longitude_2 = 36];
    Float32 Shortwave_Flux___Daily__10NR_[Day_2 = 31][Latitude_2 = 18][Longitude_2 = 36];
    Float32 Monthly_Mean_Albedo___Daily__10NR_[Day_2 = 31][Latitude_2 = 18][Longitude_2 = 36];
    Float32 Clear_Sky_Longwave_Flux___Daily__10NR_[Day_2 = 31][Latitude_2 = 18][Longitude_2 = 36];
    Float32 Clear_Sky_Shortwave_Flux___Daily__10NR_[Day_2 = 31][Latitude_2 = 18][Longitude_2 = 36];
    Float32 Monthly_Mean_Clear_Sky_Albedo___Daily__10NR_[Day_2 = 31][Latitude_2 = 18][Longitude_2 = 36];
    Float32 Longwave_Flux___Hourly__10NR_[Hour_2 = 24][Latitude_2 = 18][Longitude_2 = 36];
    Float32 Shortwave_Flux___Hourly__10NR_[Hour_2 = 24][Latitude_2 = 18][Longitude_2 = 36];
    Float32 Monthly_Average_Albedo___Hourly__10NR_[Hour_2 = 24][Latitude_2 = 18][Longitude_2 = 36];
    Float32 Clear_Sky_Longwave_Flux___Hourly__10NR_[Hour_2 = 24][Latitude_2 = 18][Longitude_2 = 36];
    Float32 Clear_Sky_Shortwave_Flux___Hourly__10NR_[Hour_2 = 24][Latitude_2 = 18][Longitude_2 = 36];
    Float32 Clear_Sky_Monthly_Averaged_Albedo___Hourly__10NR_[Hour_2 = 24][Latitude_2 = 18][Longitude_2 = 36];
    Int32 Number_Of_Observations_For_LW___Daily__10NR_[Day_2 = 31][Latitude_2 = 18][Longitude_2 = 36];
    Int32 Number_Of_Observations_SW___Daily__10NR_[Day_2 = 31][Latitude_2 = 18][Longitude_2 = 36];
    Int32 Number_Of_Observations_For_Clear_Sky_LW___Daily__10NR_[Day_2 = 31][Latitude_2 = 18][Longitude_2 = 36];
    Int32 Number_Of_Observations_For_Clear_Sky_SW___Daily__10NR_[Day_2 = 31][Latitude_2 = 18][Longitude_2 = 36];
    Int32 Number_Of_Observations_For_LW___Hourly__10NR_[Hour_2 = 24][Latitude_2 = 18][Longitude_2 = 36];
    Int32 Number_Of_Observations_For_SW___Hourly__10NR_[Hour_2 = 24][Latitude_2 = 18][Longitude_2 = 36];
    Int32 Number_Of_Observations_For_Clear_Sky_LW___Hourly__10NR_[Hour_2 = 24][Latitude_2 = 18][Longitude_2 = 36];
    Int32 Number_Of_Observations_For_Clear_Sky_SW___Hourly__10NR_[Hour_2 = 24][Latitude_2 = 18][Longitude_2 = 36];
    Int32 Geotype__10NR_[Latitude_2 = 18][Longitude_2 = 36];
    Int32 Day_2[Day_2 = 31];
    Int32 Hour_2[Hour_2 = 24];
    Float64 Latitude_2[Latitude_2 = 18];
    Float64 Longitude_2[Longitude_2 = 36];
    Float32 Solar_Incidence_For_Monthly_Averages_By_Day__2_5Z_[Latitude_3 = 72][Longitude_3 = 1];
    Float32 Monthly_Net_Radiant_Flux_By_Day__2_5Z_[Latitude_3 = 72][Longitude_3 = 1];
    Float32 Clear_Sky_Net_Radiant_Flux___Monthly_By_Day__2_5Z_[Latitude_3 = 72][Longitude_3 = 1];
    Float32 Clear_Sky_Solar_Incidence___Monthly_By_Day__2_5Z_[Latitude_3 = 72][Longitude_3 = 1];
    Float32 Monthly_Net_Radiant_Flux_By_Hour__2_5Z_[Latitude_3 = 72][Longitude_3 = 1];
    Float32 Solar_Incidence___Monthly_By_Hour__2_5Z_[Latitude_3 = 72][Longitude_3 = 1];
    Float32 Clear_Sky_Net_Radiant_Flux___Monthly_By_Hour__2_5Z_[Latitude_3 = 72][Longitude_3 = 1];
    Float32 Clear_Sky_Solar_Incidence___Monthly_By_Hour__2_5Z_[Latitude_3 = 72][Longitude_3 = 1];
    Float32 Daily_Solar_Incidence__2_5Z_[Day_3 = 31][Latitude_3 = 72][Longitude_3 = 1];
    Float32 Hourly_Solar_Incidence__2_5Z_[Hour_3 = 24][Latitude_3 = 72][Longitude_3 = 1];
    Float32 Clear_Sky_Solar_Incidence__2_5Z_[Hour_3 = 24][Latitude_3 = 72][Longitude_3 = 1];
    Float32 Longwave_Flux__2_5Z_[Latitude_3 = 72][Longitude_3 = 1];
    Float32 Shortwave_Flux__2_5Z_[Latitude_3 = 72][Longitude_3 = 1];
    Float32 Monthly_Mean_Albedo__2_5Z_[Latitude_3 = 72][Longitude_3 = 1];
    Float32 Clear_Sky_Longwave_Flux__2_5Z_[Latitude_3 = 72][Longitude_3 = 1];
    Float32 Clear_Sky_Shortwave_Flux__2_5Z_[Latitude_3 = 72][Longitude_3 = 1];
    Float32 Monthly_Mean_Clear_Sky_Albedo__2_5Z_[Latitude_3 = 72][Longitude_3 = 1];
    Float32 Longwave_Flux_By_The_Hour__2_5Z_[Latitude_3 = 72][Longitude_3 = 1];
    Float32 Shortwave_Flux_By_The_Hour__2_5Z_[Latitude_3 = 72][Longitude_3 = 1];
    Float32 Monthly_Average_Albedo_By_The_Hour__2_5Z_[Latitude_3 = 72][Longitude_3 = 1];
    Float32 Clear_Sky_Longwave_Flux_By_The_Hour__2_5Z_[Latitude_3 = 72][Longitude_3 = 1];
    Float32 Clear_Sky_Shortwave_Flux_By_The_Hour__2_5Z_[Latitude_3 = 72][Longitude_3 = 1];
    Float32 Clear_Sky_Monthly_Averaged_Albedo_By_The_Hour__2_5Z_[Latitude_3 = 72][Longitude_3 = 1];
    Float32 Longwave_Flux___Daily__2_5Z_[Day_3 = 31][Latitude_3 = 72][Longitude_3 = 1];
    Float32 Shortwave_Flux___Daily__2_5Z_[Day_3 = 31][Latitude_3 = 72][Longitude_3 = 1];
    Float32 Monthly_Mean_Albedo___Daily__2_5Z_[Day_3 = 31][Latitude_3 = 72][Longitude_3 = 1];
    Float32 Clear_Sky_Longwave_Flux___Daily__2_5Z_[Day_3 = 31][Latitude_3 = 72][Longitude_3 = 1];
    Float32 Clear_Sky_Shortwave_Flux___Daily__2_5Z_[Day_3 = 31][Latitude_3 = 72][Longitude_3 = 1];
    Float32 Monthly_Mean_Clear_Sky_Albedo___Daily__2_5Z_[Day_3 = 31][Latitude_3 = 72][Longitude_3 = 1];
    Float32 Longwave_Flux___Hourly__2_5Z_[Hour_3 = 24][Latitude_3 = 72][Longitude_3 = 1];
    Float32 Shortwave_Flux___Hourly__2_5Z_[Hour_3 = 24][Latitude_3 = 72][Longitude_3 = 1];
    Float32 Monthly_Average_Albedo___Hourly__2_5Z_[Hour_3 = 24][Latitude_3 = 72][Longitude_3 = 1];
    Float32 Clear_Sky_Longwave_Flux___Hourly__2_5Z_[Hour_3 = 24][Latitude_3 = 72][Longitude_3 = 1];
    Float32 Clear_Sky_Shortwave_Flux___Hourly__2_5Z_[Hour_3 = 24][Latitude_3 = 72][Longitude_3 = 1];
    Float32 Clear_Sky_Monthly_Averaged_Albedo___Hourly__2_5Z_[Hour_3 = 24][Latitude_3 = 72][Longitude_3 = 1];
    Int32 Number_Of_Observations_For_LW___Daily__2_5Z_[Day_3 = 31][Latitude_3 = 72][Longitude_3 = 1];
    Int32 Number_Of_Observations_SW___Daily__2_5Z_[Day_3 = 31][Latitude_3 = 72][Longitude_3 = 1];
    Int32 Number_Of_Observations_For_Clear_Sky_LW___Daily__2_5Z_[Day_3 = 31][Latitude_3 = 72][Longitude_3 = 1];
    Int32 Number_Of_Observations_For_Clear_Sky_SW___Daily__2_5Z_[Day_3 = 31][Latitude_3 = 72][Longitude_3 = 1];
    Int32 Number_Of_Observations_For_LW___Hourly__2_5Z_[Hour_3 = 24][Latitude_3 = 72][Longitude_3 = 1];
    Int32 Number_Of_Observations_For_SW___Hourly__2_5Z_[Hour_3 = 24][Latitude_3 = 72][Longitude_3 = 1];
    Int32 Number_Of_Observations_For_Clear_Sky_LW___Hourly__2_5Z_[Hour_3 = 24][Latitude_3 = 72][Longitude_3 = 1];
    Int32 Number_Of_Observations_For_Clear_Sky_SW___Hourly__2_5Z_[Hour_3 = 24][Latitude_3 = 72][Longitude_3 = 1];
    Int32 Geotype__2_5Z_[Latitude_3 = 72][Longitude_3 = 1];
    Int32 Day_3[Day_3 = 31];
    Int32 Hour_3[Hour_3 = 24];
    Float64 Latitude_3[Latitude_3 = 72];
    Float64 Longitude_3[Longitude_3 = 1];
    Float32 Solar_Incidence_For_Monthly_Averages_By_Day__5Z_[Latitude_4 = 36][Longitude_4 = 1];
    Float32 Monthly_Net_Radiant_Flux_By_Day__5Z_[Latitude_4 = 36][Longitude_4 = 1];
    Float32 Clear_Sky_Net_Radiant_Flux___Monthly_By_Day__5Z_[Latitude_4 = 36][Longitude_4 = 1];
    Float32 Clear_Sky_Solar_Incidence___Monthly_By_Day__5Z_[Latitude_4 = 36][Longitude_4 = 1];
    Float32 Monthly_Net_Radiant_Flux_By_Hour__5Z_[Latitude_4 = 36][Longitude_4 = 1];
    Float32 Solar_Incidence___Monthly_By_Hour__5Z_[Latitude_4 = 36][Longitude_4 = 1];
    Float32 Clear_Sky_Net_Radiant_Flux___Monthly_By_Hour__5Z_[Latitude_4 = 36][Longitude_4 = 1];
    Float32 Clear_Sky_Solar_Incidence___Monthly_By_Hour__5Z_[Latitude_4 = 36][Longitude_4 = 1];
    Float32 Daily_Solar_Incidence__5Z_[Day_4 = 31][Latitude_4 = 36][Longitude_4 = 1];
    Float32 Hourly_Solar_Incidence__5Z_[Hour_4 = 24][Latitude_4 = 36][Longitude_4 = 1];
    Float32 Clear_Sky_Solar_Incidence__5Z_[Hour_4 = 24][Latitude_4 = 36][Longitude_4 = 1];
    Float32 Longwave_Flux__5Z_[Latitude_4 = 36][Longitude_4 = 1];
    Float32 Shortwave_Flux__5Z_[Latitude_4 = 36][Longitude_4 = 1];
    Float32 Monthly_Mean_Albedo__5Z_[Latitude_4 = 36][Longitude_4 = 1];
    Float32 Clear_Sky_Longwave_Flux__5Z_[Latitude_4 = 36][Longitude_4 = 1];
    Float32 Clear_Sky_Shortwave_Flux__5Z_[Latitude_4 = 36][Longitude_4 = 1];
    Float32 Monthly_Mean_Clear_Sky_Albedo__5Z_[Latitude_4 = 36][Longitude_4 = 1];
    Float32 Longwave_Flux_By_The_Hour__5Z_[Latitude_4 = 36][Longitude_4 = 1];
    Float32 Shortwave_Flux_By_The_Hour__5Z_[Latitude_4 = 36][Longitude_4 = 1];
    Float32 Monthly_Average_Albedo_By_The_Hour__5Z_[Latitude_4 = 36][Longitude_4 = 1];
    Float32 Clear_Sky_Longwave_Flux_By_The_Hour__5Z_[Latitude_4 = 36][Longitude_4 = 1];
    Float32 Clear_Sky_Shortwave_Flux_By_The_Hour__5Z_[Latitude_4 = 36][Longitude_4 = 1];
    Float32 Clear_Sky_Monthly_Averaged_Albedo_By_The_Hour__5Z_[Latitude_4 = 36][Longitude_4 = 1];
    Float32 Longwave_Flux___Daily__5Z_[Day_4 = 31][Latitude_4 = 36][Longitude_4 = 1];
    Float32 Shortwave_Flux___Daily__5Z_[Day_4 = 31][Latitude_4 = 36][Longitude_4 = 1];
    Float32 Monthly_Mean_Albedo___Daily__5Z_[Day_4 = 31][Latitude_4 = 36][Longitude_4 = 1];
    Float32 Clear_Sky_Longwave_Flux___Daily__5Z_[Day_4 = 31][Latitude_4 = 36][Longitude_4 = 1];
    Float32 Clear_Sky_Shortwave_Flux___Daily__5Z_[Day_4 = 31][Latitude_4 = 36][Longitude_4 = 1];
    Float32 Monthly_Mean_Clear_Sky_Albedo___Daily__5Z_[Day_4 = 31][Latitude_4 = 36][Longitude_4 = 1];
    Float32 Longwave_Flux___Hourly__5Z_[Hour_4 = 24][Latitude_4 = 36][Longitude_4 = 1];
    Float32 Shortwave_Flux___Hourly__5Z_[Hour_4 = 24][Latitude_4 = 36][Longitude_4 = 1];
    Float32 Monthly_Average_Albedo___Hourly__5Z_[Hour_4 = 24][Latitude_4 = 36][Longitude_4 = 1];
    Float32 Clear_Sky_Longwave_Flux___Hourly__5Z_[Hour_4 = 24][Latitude_4 = 36][Longitude_4 = 1];
    Float32 Clear_Sky_Shortwave_Flux___Hourly__5Z_[Hour_4 = 24][Latitude_4 = 36][Longitude_4 = 1];
    Float32 Clear_Sky_Monthly_Averaged_Albedo___Hourly__5Z_[Hour_4 = 24][Latitude_4 = 36][Longitude_4 = 1];
    Int32 Number_Of_Observations_For_LW___Daily__5Z_[Day_4 = 31][Latitude_4 = 36][Longitude_4 = 1];
    Int32 Number_Of_Observations_SW___Daily__5Z_[Day_4 = 31][Latitude_4 = 36][Longitude_4 = 1];
    Int32 Number_Of_Observations_For_Clear_Sky_LW___Daily__5Z_[Day_4 = 31][Latitude_4 = 36][Longitude_4 = 1];
    Int32 Number_Of_Observations_For_Clear_Sky_SW___Daily__5Z_[Day_4 = 31][Latitude_4 = 36][Longitude_4 = 1];
    Int32 Number_Of_Observations_For_LW___Hourly__5Z_[Hour_4 = 24][Latitude_4 = 36][Longitude_4 = 1];
    Int32 Number_Of_Observations_For_SW___Hourly__5Z_[Hour_4 = 24][Latitude_4 = 36][Longitude_4 = 1];
    Int32 Number_Of_Observations_For_Clear_Sky_LW___Hourly__5Z_[Hour_4 = 24][Latitude_4 = 36][Longitude_4 = 1];
    Int32 Number_Of_Observations_For_Clear_Sky_SW___Hourly__5Z_[Hour_4 = 24][Latitude_4 = 36][Longitude_4 = 1];
    Int32 Geotype__5Z_[Latitude_4 = 36][Longitude_4 = 1];
    Int32 Day_4[Day_4 = 31];
    Int32 Hour_4[Hour_4 = 24];
    Float64 Latitude_4[Latitude_4 = 36];
    Float64 Longitude_4[Longitude_4 = 1];
    Float32 Solar_Incidence_For_Monthly_Averages_By_Day__10Z_[Latitude_5 = 18][Longitude_5 = 1];
    Float32 Monthly_Net_Radiant_Flux_By_Day__10Z_[Latitude_5 = 18][Longitude_5 = 1];
    Float32 Clear_Sky_Net_Radiant_Flux___Monthly_By_Day__10Z_[Latitude_5 = 18][Longitude_5 = 1];
    Float32 Clear_Sky_Solar_Incidence___Monthly_By_Day__10Z_[Latitude_5 = 18][Longitude_5 = 1];
    Float32 Monthly_Net_Radiant_Flux_By_Hour__10Z_[Latitude_5 = 18][Longitude_5 = 1];
    Float32 Solar_Incidence___Monthly_By_Hour__10Z_[Latitude_5 = 18][Longitude_5 = 1];
    Float32 Clear_Sky_Net_Radiant_Flux___Monthly_By_Hour__10Z_[Latitude_5 = 18][Longitude_5 = 1];
    Float32 Clear_Sky_Solar_Incidence___Monthly_By_Hour__10Z_[Latitude_5 = 18][Longitude_5 = 1];
    Float32 Daily_Solar_Incidence__10Z_[Day_5 = 31][Latitude_5 = 18][Longitude_5 = 1];
    Float32 Hourly_Solar_Incidence__10Z_[Hour_5 = 24][Latitude_5 = 18][Longitude_5 = 1];
    Float32 Clear_Sky_Solar_Incidence__10Z_[Hour_5 = 24][Latitude_5 = 18][Longitude_5 = 1];
    Float32 Longwave_Flux__10Z_[Latitude_5 = 18][Longitude_5 = 1];
    Float32 Shortwave_Flux__10Z_[Latitude_5 = 18][Longitude_5 = 1];
    Float32 Monthly_Mean_Albedo__10Z_[Latitude_5 = 18][Longitude_5 = 1];
    Float32 Clear_Sky_Longwave_Flux__10Z_[Latitude_5 = 18][Longitude_5 = 1];
    Float32 Clear_Sky_Shortwave_Flux__10Z_[Latitude_5 = 18][Longitude_5 = 1];
    Float32 Monthly_Mean_Clear_Sky_Albedo__10Z_[Latitude_5 = 18][Longitude_5 = 1];
    Float32 Longwave_Flux_By_The_Hour__10Z_[Latitude_5 = 18][Longitude_5 = 1];
    Float32 Shortwave_Flux_By_The_Hour__10Z_[Latitude_5 = 18][Longitude_5 = 1];
    Float32 Monthly_Average_Albedo_By_The_Hour__10Z_[Latitude_5 = 18][Longitude_5 = 1];
    Float32 Clear_Sky_Longwave_Flux_By_The_Hour__10Z_[Latitude_5 = 18][Longitude_5 = 1];
    Float32 Clear_Sky_Shortwave_Flux_By_The_Hour__10Z_[Latitude_5 = 18][Longitude_5 = 1];
    Float32 Clear_Sky_Monthly_Averaged_Albedo_By_The_Hour__10Z_[Latitude_5 = 18][Longitude_5 = 1];
    Float32 Longwave_Flux___Daily__10Z_[Day_5 = 31][Latitude_5 = 18][Longitude_5 = 1];
    Float32 Shortwave_Flux___Daily__10Z_[Day_5 = 31][Latitude_5 = 18][Longitude_5 = 1];
    Float32 Monthly_Mean_Albedo___Daily__10Z_[Day_5 = 31][Latitude_5 = 18][Longitude_5 = 1];
    Float32 Clear_Sky_Longwave_Flux___Daily__10Z_[Day_5 = 31][Latitude_5 = 18][Longitude_5 = 1];
    Float32 Clear_Sky_Shortwave_Flux___Daily__10Z_[Day_5 = 31][Latitude_5 = 18][Longitude_5 = 1];
    Float32 Monthly_Mean_Clear_Sky_Albedo___Daily__10Z_[Day_5 = 31][Latitude_5 = 18][Longitude_5 = 1];
    Float32 Longwave_Flux___Hourly__10Z_[Hour_5 = 24][Latitude_5 = 18][Longitude_5 = 1];
    Float32 Shortwave_Flux___Hourly__10Z_[Hour_5 = 24][Latitude_5 = 18][Longitude_5 = 1];
    Float32 Monthly_Average_Albedo___Hourly__10Z_[Hour_5 = 24][Latitude_5 = 18][Longitude_5 = 1];
    Float32 Clear_Sky_Longwave_Flux___Hourly__10Z_[Hour_5 = 24][Latitude_5 = 18][Longitude_5 = 1];
    Float32 Clear_Sky_Shortwave_Flux___Hourly__10Z_[Hour_5 = 24][Latitude_5 = 18][Longitude_5 = 1];
    Float32 Clear_Sky_Monthly_Averaged_Albedo___Hourly__10Z_[Hour_5 = 24][Latitude_5 = 18][Longitude_5 = 1];
    Int32 Number_Of_Observations_For_LW___Daily__10Z_[Day_5 = 31][Latitude_5 = 18][Longitude_5 = 1];
    Int32 Number_Of_Observations_SW___Daily__10Z_[Day_5 = 31][Latitude_5 = 18][Longitude_5 = 1];
    Int32 Number_Of_Observations_For_Clear_Sky_LW___Daily__10Z_[Day_5 = 31][Latitude_5 = 18][Longitude_5 = 1];
    Int32 Number_Of_Observations_For_Clear_Sky_SW___Daily__10Z_[Day_5 = 31][Latitude_5 = 18][Longitude_5 = 1];
    Int32 Number_Of_Observations_For_LW___Hourly__10Z_[Hour_5 = 24][Latitude_5 = 18][Longitude_5 = 1];
    Int32 Number_Of_Observations_For_SW___Hourly__10Z_[Hour_5 = 24][Latitude_5 = 18][Longitude_5 = 1];
    Int32 Number_Of_Observations_For_Clear_Sky_LW___Hourly__10Z_[Hour_5 = 24][Latitude_5 = 18][Longitude_5 = 1];
    Int32 Number_Of_Observations_For_Clear_Sky_SW___Hourly__10Z_[Hour_5 = 24][Latitude_5 = 18][Longitude_5 = 1];
    Int32 Geotype__10Z_[Latitude_5 = 18][Longitude_5 = 1];
    Int32 Day_5[Day_5 = 31];
    Int32 Hour_5[Hour_5 = 24];
    Float64 Latitude_5[Latitude_5 = 18];
    Float64 Longitude_5[Longitude_5 = 1];
    Float32 Solar_Incidence_For_Monthly_Averages_By_Day__G_[Latitude_6 = 3][Longitude_6 = 1];
    Float32 Monthly_Net_Radiant_Flux_By_Day__G_[Latitude_6 = 3][Longitude_6 = 1];
    Float32 Clear_Sky_Net_Radiant_Flux___Monthly_By_Day__G_[Latitude_6 = 3][Longitude_6 = 1];
    Float32 Clear_Sky_Solar_Incidence___Monthly_By_Day__G_[Latitude_6 = 3][Longitude_6 = 1];
    Float32 Monthly_Net_Radiant_Flux_By_Hour__G_[Latitude_6 = 3][Longitude_6 = 1];
    Float32 Solar_Incidence___Monthly_By_Hour__G_[Latitude_6 = 3][Longitude_6 = 1];
    Float32 Clear_Sky_Net_Radiant_Flux___Monthly_By_Hour__G_[Latitude_6 = 3][Longitude_6 = 1];
    Float32 Clear_Sky_Solar_Incidence___Monthly_By_Hour__G_[Latitude_6 = 3][Longitude_6 = 1];
    Float32 Daily_Solar_Incidence__G_[Day_6 = 31][Latitude_6 = 3][Longitude_6 = 1];
    Float32 Hourly_Solar_Incidence__G_[Hour_6 = 24][Latitude_6 = 3][Longitude_6 = 1];
    Float32 Clear_Sky_Solar_Incidence__G_[Hour_6 = 24][Latitude_6 = 3][Longitude_6 = 1];
    Float32 Longwave_Flux__G_[Latitude_6 = 3][Longitude_6 = 1];
    Float32 Shortwave_Flux__G_[Latitude_6 = 3][Longitude_6 = 1];
    Float32 Monthly_Mean_Albedo__G_[Latitude_6 = 3][Longitude_6 = 1];
    Float32 Clear_Sky_Longwave_Flux__G_[Latitude_6 = 3][Longitude_6 = 1];
    Float32 Clear_Sky_Shortwave_Flux__G_[Latitude_6 = 3][Longitude_6 = 1];
    Float32 Monthly_Mean_Clear_Sky_Albedo__G_[Latitude_6 = 3][Longitude_6 = 1];
    Float32 Longwave_Flux_By_The_Hour__G_[Latitude_6 = 3][Longitude_6 = 1];
    Float32 Shortwave_Flux_By_The_Hour__G_[Latitude_6 = 3][Longitude_6 = 1];
    Float32 Monthly_Average_Albedo_By_The_Hour__G_[Latitude_6 = 3][Longitude_6 = 1];
    Float32 Clear_Sky_Longwave_Flux_By_The_Hour__G_[Latitude_6 = 3][Longitude_6 = 1];
    Float32 Clear_Sky_Shortwave_Flux_By_The_Hour__G_[Latitude_6 = 3][Longitude_6 = 1];
    Float32 Clear_Sky_Monthly_Averaged_Albedo_By_The_Hour__G_[Latitude_6 = 3][Longitude_6 = 1];
    Float32 Longwave_Flux___Daily__G_[Day_6 = 31][Latitude_6 = 3][Longitude_6 = 1];
    Float32 Shortwave_Flux___Daily__G_[Day_6 = 31][Latitude_6 = 3][Longitude_6 = 1];
    Float32 Monthly_Mean_Albedo___Daily__G_[Day_6 = 31][Latitude_6 = 3][Longitude_6 = 1];
    Float32 Clear_Sky_Longwave_Flux___Daily__G_[Day_6 = 31][Latitude_6 = 3][Longitude_6 = 1];
    Float32 Clear_Sky_Shortwave_Flux___Daily__G_[Day_6 = 31][Latitude_6 = 3][Longitude_6 = 1];
    Float32 Monthly_Mean_Clear_Sky_Albedo___Daily__G_[Day_6 = 31][Latitude_6 = 3][Longitude_6 = 1];
    Float32 Longwave_Flux___Hourly__G_[Hour_6 = 24][Latitude_6 = 3][Longitude_6 = 1];
    Float32 Shortwave_Flux___Hourly__G_[Hour_6 = 24][Latitude_6 = 3][Longitude_6 = 1];
    Float32 Monthly_Average_Albedo___Hourly__G_[Hour_6 = 24][Latitude_6 = 3][Longitude_6 = 1];
    Float32 Clear_Sky_Longwave_Flux___Hourly__G_[Hour_6 = 24][Latitude_6 = 3][Longitude_6 = 1];
    Float32 Clear_Sky_Shortwave_Flux___Hourly__G_[Hour_6 = 24][Latitude_6 = 3][Longitude_6 = 1];
    Float32 Clear_Sky_Monthly_Averaged_Albedo___Hourly__G_[Hour_6 = 24][Latitude_6 = 3][Longitude_6 = 1];
    Int32 Number_Of_Observations_For_LW___Daily__G_[Day_6 = 31][Latitude_6 = 3][Longitude_6 = 1];
    Int32 Number_Of_Observations_SW___Daily__G_[Day_6 = 31][Latitude_6 = 3][Longitude_6 = 1];
    Int32 Number_Of_Observations_For_Clear_Sky_LW___Daily__G_[Day_6 = 31][Latitude_6 = 3][Longitude_6 = 1];
    Int32 Number_Of_Observations_For_Clear_Sky_SW___Daily__G_[Day_6 = 31][Latitude_6 = 3][Longitude_6 = 1];
    Int32 Number_Of_Observations_For_LW___Hourly__G_[Hour_6 = 24][Latitude_6 = 3][Longitude_6 = 1];
    Int32 Number_Of_Observations_For_SW___Hourly__G_[Hour_6 = 24][Latitude_6 = 3][Longitude_6 = 1];
    Int32 Number_Of_Observations_For_Clear_Sky_LW___Hourly__G_[Hour_6 = 24][Latitude_6 = 3][Longitude_6 = 1];
    Int32 Number_Of_Observations_For_Clear_Sky_SW___Hourly__G_[Hour_6 = 24][Latitude_6 = 3][Longitude_6 = 1];
    Int32 Geotype__G_[Latitude_6 = 3][Longitude_6 = 1];
    Int32 Day_6[Day_6 = 31];
    Int32 Hour_6[Hour_6 = 24];
    Float64 Latitude_6[Latitude_6 = 3];
    Float64 Longitude_6[Longitude_6 = 1];
} CER_ES4_TRMM-PFM_Edition1_009001.199808.hdf;
