Dataset {
    Int32 Average_fill_flag___1_deg[Latitude = 180][Longitude = 360];
    Int32 Swath_count___1_deg[Latitude = 180][Longitude = 360];
    Float32 Expansive_albedo_average___1_deg[Latitude = 180][Longitude = 360][Band = 5];
    Float32 Expansive_albedo_first_moment___1_deg[Latitude = 180][Longitude = 360][Band = 5];
    Float32 Expansive_albedo_standard_deviation___1_deg[Latitude = 180][Longitude = 360][Band = 5];
    Float32 Expansive_albedo_solar_insolation___1_deg[Latitude = 180][Longitude = 360][Band = 5];
    Int32 Expansive_albedo_swath_count___1_deg[Latitude = 180][Longitude = 360][Band = 5];
    Float32 Restrictive_albedo_average___1_deg[Latitude = 180][Longitude = 360][Band = 5];
    Float32 Restrictive_albedo_first_moment___1_deg[Latitude = 180][Longitude = 360][Band = 5];
    Float32 Restrictive_albedo_standard_deviation___1_deg[Latitude = 180][Longitude = 360][Band = 5];
    Float32 Restrictive_albedo_solar_insolation___1_deg[Latitude = 180][Longitude = 360][Band = 5];
    Int32 Restrictive_albedo_swath_count___1_deg[Latitude = 180][Longitude = 360][Band = 5];
    Float32 Local_albedo_average___1_deg[Latitude = 180][Longitude = 360][Band = 5];
    Float32 Local_albedo_first_moment___1_deg[Latitude = 180][Longitude = 360][Band = 5];
    Float32 Local_albedo_standard_deviation___1_deg[Latitude = 180][Longitude = 360][Band = 5];
    Float32 Local_albedo_solar_insolation___1_deg[Latitude = 180][Longitude = 360][Band = 5];
    Int32 Local_albedo_swath_count___1_deg[Latitude = 180][Longitude = 360][Band = 5];
    Int32 Band[Band = 5];
    Float64 Latitude[Latitude = 180];
    Float64 Longitude[Longitude = 360];
    Int32 Average_fill_flag___5_deg[Latitude_1 = 36][Longitude_1 = 72];
    Int32 Swath_count___5_deg[Latitude_1 = 36][Longitude_1 = 72];
    Float32 Expansive_albedo_average___5_deg[Latitude_1 = 36][Longitude_1 = 72][Band_1 = 5];
    Float32 Expansive_albedo_first_moment___5_deg[Latitude_1 = 36][Longitude_1 = 72][Band_1 = 5];
    Float32 Expansive_albedo_standard_deviation___5_deg[Latitude_1 = 36][Longitude_1 = 72][Band_1 = 5];
    Float32 Expansive_albedo_solar_insolation___5_deg[Latitude_1 = 36][Longitude_1 = 72][Band_1 = 5];
    Int32 Expansive_albedo_swath_count___5_deg[Latitude_1 = 36][Longitude_1 = 72][Band_1 = 5];
    Float32 Restrictive_albedo_average___5_deg[Latitude_1 = 36][Longitude_1 = 72][Band_1 = 5];
    Float32 Restrictive_albedo_first_moment___5_deg[Latitude_1 = 36][Longitude_1 = 72][Band_1 = 5];
    Float32 Restrictive_albedo_standard_deviation___5_deg[Latitude_1 = 36][Longitude_1 = 72][Band_1 = 5];
    Float32 Restrictive_albedo_solar_insolation___5_deg[Latitude_1 = 36][Longitude_1 = 72][Band_1 = 5];
    Int32 Restrictive_albedo_swath_count___5_deg[Latitude_1 = 36][Longitude_1 = 72][Band_1 = 5];
    Float32 Local_albedo_average___5_deg[Latitude_1 = 36][Longitude_1 = 72][Band_1 = 5];
    Float32 Local_albedo_first_moment___5_deg[Latitude_1 = 36][Longitude_1 = 72][Band_1 = 5];
    Float32 Local_albedo_standard_deviation___5_deg[Latitude_1 = 36][Longitude_1 = 72][Band_1 = 5];
    Float32 Local_albedo_solar_insolation___5_deg[Latitude_1 = 36][Longitude_1 = 72][Band_1 = 5];
    Int32 Local_albedo_swath_count___5_deg[Latitude_1 = 36][Longitude_1 = 72][Band_1 = 5];
    Int32 Band_1[Band_1 = 5];
    Float64 Latitude_1[Latitude_1 = 36];
    Float64 Longitude_1[Longitude_1 = 72];
    Int32 Local_albedo_histogram_NONEOS[fakeDim6 = 10][fakeDim7 = 5][fakeDim8 = 3][fakeDim9 = 3][fakeDim10 = 220];
    Float32 Zonal_expansive_albedo_average_NONEOS[fakeDim11 = 180][fakeDim12 = 5][fakeDim13 = 3];
    Float32 Zonal_expansive_albedo_first_momement_NONEOS[fakeDim14 = 180][fakeDim15 = 5][fakeDim16 = 3];
    Float32 Zonal_expansive_albedo_standard_deviation_NONEOS[fakeDim17 = 180][fakeDim18 = 5][fakeDim19 = 3];
    Float32 Zonal_expansive_albedo_solar_insolation_NONEOS[fakeDim20 = 180][fakeDim21 = 5][fakeDim22 = 3];
    Int32 Zonal_expansive_albedo_swath_count_NONEOS[fakeDim23 = 180][fakeDim24 = 5][fakeDim25 = 3];
    Float32 Zonal_restrictive_albedo_average_NONEOS[fakeDim26 = 180][fakeDim27 = 5][fakeDim28 = 3];
    Float32 Zonal_restrictive_albedo_first_momement_NONEOS[fakeDim29 = 180][fakeDim30 = 5][fakeDim31 = 3];
    Float32 Zonal_restrictive_albedo_standard_deviation_NONEOS[fakeDim32 = 180][fakeDim33 = 5][fakeDim34 = 3];
    Float32 Zonal_restrictive_albedo_solar_insolation_NONEOS[fakeDim35 = 180][fakeDim36 = 5][fakeDim37 = 3];
    Int32 Zonal_restrictive_albedo_swath_count_NONEOS[fakeDim38 = 180][fakeDim39 = 5][fakeDim40 = 3];
    Float32 Zonal_local_albedo_average_NONEOS[fakeDim41 = 180][fakeDim42 = 5][fakeDim43 = 3];
    Float32 Zonal_local_albedo_first_momement_NONEOS[fakeDim44 = 180][fakeDim45 = 5][fakeDim46 = 3];
    Float32 Zonal_local_albedo_standard_deviation_NONEOS[fakeDim47 = 180][fakeDim48 = 5][fakeDim49 = 3];
    Float32 Zonal_local_albedo_solar_insolation_NONEOS[fakeDim50 = 180][fakeDim51 = 5][fakeDim52 = 3];
    Int32 Zonal_local_albedo_swath_count_NONEOS[fakeDim53 = 180][fakeDim54 = 5][fakeDim55 = 3];
    Int32 vdata_Source_file_vdf_Orbit_number[VDFDim0_vdata_Source_file_vdf_Orbit_number = 5192];
    Byte vdata_Source_file_vdf_Path_number[VDFDim0_vdata_Source_file_vdf_Path_number = 5192];
    Byte vdata_Source_file_vdf_Local_Granule_Id[VDFDim0_vdata_Source_file_vdf_Local_Granule_Id = 5192][VDFDim1_vdata_Source_file_vdf_Local_Granule_Id = 80];
    Byte vdata_Source_file_vdf_Local_Version_Id[VDFDim0_vdata_Source_file_vdf_Local_Version_Id = 5192][VDFDim1_vdata_Source_file_vdf_Local_Version_Id = 100];
    Byte vdata_Latitude_Enumeration_vdf_Value[VDFDim0_vdata_Latitude_Enumeration_vdf_Value = 180][VDFDim1_vdata_Latitude_Enumeration_vdf_Value = 60];
    Byte vdata_HistogramBin_Enumeration_vdf_Value[VDFDim0_vdata_HistogramBin_Enumeration_vdf_Value = 220][VDFDim1_vdata_HistogramBin_Enumeration_vdf_Value = 60];
    Int32 vdata_Flux_data_vdf_Orbit_number[VDFDim0_vdata_Flux_data_vdf_Orbit_number = 5192];
    Float32 vdata_Flux_data_vdf_Earth___sun_distance[VDFDim0_vdata_Flux_data_vdf_Earth___sun_distance = 5192];
    Float32 vdata_Flux_data_vdf_Flux_scale_factor[VDFDim0_vdata_Flux_data_vdf_Flux_scale_factor = 5192][VDFDim1_vdata_Flux_data_vdf_Flux_scale_factor = 5];
    Int16 vdata_Time_of_Observations_AlbedoAverage_5_degree_vdf_Latitude_Index[VDFDim0_vdata_Time_of_Observations_AlbedoAverage_5_degree_vdf_Latitude_Index = 384601];
    Int16 vdata_Time_of_Observations_AlbedoAverage_5_degree_vdf_Longitude_Index[VDFDim0_vdata_Time_of_Observations_AlbedoAverage_5_degree_vdf_Longitude_Index = 384601];
    Int32 vdata_Time_of_Observations_AlbedoAverage_5_degree_vdf_Orbit[VDFDim0_vdata_Time_of_Observations_AlbedoAverage_5_degree_vdf_Orbit = 384601];
    Byte vdata_Time_of_Observations_AlbedoAverage_5_degree_vdf_Path[VDFDim0_vdata_Time_of_Observations_AlbedoAverage_5_degree_vdf_Path = 384601];
    Byte vdata_Time_of_Observations_AlbedoAverage_5_degree_vdf_Year[VDFDim0_vdata_Time_of_Observations_AlbedoAverage_5_degree_vdf_Year = 384601];
    Byte vdata_Time_of_Observations_AlbedoAverage_5_degree_vdf_Month[VDFDim0_vdata_Time_of_Observations_AlbedoAverage_5_degree_vdf_Month = 384601];
    Byte vdata_Time_of_Observations_AlbedoAverage_5_degree_vdf_Day[VDFDim0_vdata_Time_of_Observations_AlbedoAverage_5_degree_vdf_Day = 384601];
    Byte vdata_Time_of_Observations_AlbedoAverage_5_degree_vdf_Hour[VDFDim0_vdata_Time_of_Observations_AlbedoAverage_5_degree_vdf_Hour = 384601];
    Byte vdata_Time_of_Observations_AlbedoAverage_5_degree_vdf_Minute[VDFDim0_vdata_Time_of_Observations_AlbedoAverage_5_degree_vdf_Minute = 384601];
    Int16 vdata_Time_of_Observations_AlbedoAverage_1_degree_vdf_Latitude_Index[VDFDim0_vdata_Time_of_Observations_AlbedoAverage_1_degree_vdf_Latitude_Index = 2318605];
    Int16 vdata_Time_of_Observations_AlbedoAverage_1_degree_vdf_Longitude_Index[VDFDim0_vdata_Time_of_Observations_AlbedoAverage_1_degree_vdf_Longitude_Index = 2318605];
    Int32 vdata_Time_of_Observations_AlbedoAverage_1_degree_vdf_Orbit[VDFDim0_vdata_Time_of_Observations_AlbedoAverage_1_degree_vdf_Orbit = 2318605];
    Byte vdata_Time_of_Observations_AlbedoAverage_1_degree_vdf_Path[VDFDim0_vdata_Time_of_Observations_AlbedoAverage_1_degree_vdf_Path = 2318605];
    Byte vdata_Time_of_Observations_AlbedoAverage_1_degree_vdf_Year[VDFDim0_vdata_Time_of_Observations_AlbedoAverage_1_degree_vdf_Year = 2318605];
    Byte vdata_Time_of_Observations_AlbedoAverage_1_degree_vdf_Month[VDFDim0_vdata_Time_of_Observations_AlbedoAverage_1_degree_vdf_Month = 2318605];
    Byte vdata_Time_of_Observations_AlbedoAverage_1_degree_vdf_Day[VDFDim0_vdata_Time_of_Observations_AlbedoAverage_1_degree_vdf_Day = 2318605];
    Byte vdata_Time_of_Observations_AlbedoAverage_1_degree_vdf_Hour[VDFDim0_vdata_Time_of_Observations_AlbedoAverage_1_degree_vdf_Hour = 2318605];
    Byte vdata_Time_of_Observations_AlbedoAverage_1_degree_vdf_Minute[VDFDim0_vdata_Time_of_Observations_AlbedoAverage_1_degree_vdf_Minute = 2318605];
} MISR_AM1_CGAL_2005_F06_0012.hdf;
