Dataset {
    Structure {
        Structure {
            Structure {
                Int16 KINST;
                Int16 KINDAT;
                UInt16 IBYRT;
                UInt16 IBDTT;
                UInt16 IBHMT;
                UInt16 IBCST;
                UInt16 IEYRT;
                UInt16 IEDTT;
                UInt16 IEHMT;
                UInt16 IECST;
            } prologue;
            Structure {
                Int16 gdlatr;
                Int16 gdlonr;
                Int16 wavlen;
                Int16 gdra;
            } JPAR;
            Structure {
                Int16 year[19];
                Int16 dayno[19];
                Int16 uth[19];
                Int16 azm[19];
                Int16 elm[19];
                Int16 vnlu[19];
                Int16 e_vnlu[19];
                Int16 tn[19];
                Int16 e_tn[19];
                Int16 nsmpti[19];
                Int16 rbrl[19];
                Int16 chip1[19];
                Int16 vnn[19];
                Int16 e_vnn[19];
                Int16 vne[19];
                Int16 e_vne[19];
            } MPAR;
        } data_record_1;
        Structure {
            Structure {
                Int16 KINST;
                Int16 KINDAT;
                UInt16 IBYRT;
                UInt16 IBDTT;
                UInt16 IBHMT;
                UInt16 IBCST;
                UInt16 IEYRT;
                UInt16 IEDTT;
                UInt16 IEHMT;
                UInt16 IECST;
            } prologue;
            Structure {
                Int16 gdlatr;
                Int16 gdlonr;
                Int16 wavlen;
                Int16 gdra;
                Int16 gmra;
                Int16 bdec;
            } JPAR;
            Structure {
                Int16 year[13];
                Int16 dayno[13];
                Int16 uth[13];
                Int16 az1[13];
                Int16 az2[13];
                Int16 elm[13];
                Int16 vnn[13];
                Int16 e_vnn[13];
                Int16 vne[13];
                Int16 e_vne[13];
                Int16 vnpnh[13];
                Int16 e_vnpnh[13];
                Int16 vnpe[13];
                Int16 e_vnpe[13];
            } MPAR;
        } data_record_2;
        Structure {
            Structure {
                Int16 KINST;
                Int16 KINDAT;
                UInt16 IBYRT;
                UInt16 IBDTT;
                UInt16 IBHMT;
                UInt16 IBCST;
                UInt16 IEYRT;
                UInt16 IEDTT;
                UInt16 IEHMT;
                UInt16 IECST;
            } prologue;
            Structure {
                Int16 gdlatr;
                Int16 gdlonr;
                Int16 wavlen;
                Int16 gdra;
            } JPAR;
            Structure {
                Int16 year[46];
                Int16 dayno[46];
                Int16 uth[46];
                Int16 azm[46];
                Int16 elm[46];
                Int16 vnlu[46];
                Int16 e_vnlu[46];
                Int16 tn[46];
                Int16 e_tn[46];
                Int16 nsmpti[46];
                Int16 rbrl[46];
                Int16 chip1[46];
                Int16 vnn[46];
                Int16 e_vnn[46];
                Int16 vne[46];
                Int16 e_vne[46];
            } MPAR;
        } data_record_3;
        Structure {
            Structure {
                Int16 KINST;
                Int16 KINDAT;
                UInt16 IBYRT;
                UInt16 IBDTT;
                UInt16 IBHMT;
                UInt16 IBCST;
                UInt16 IEYRT;
                UInt16 IEDTT;
                UInt16 IEHMT;
                UInt16 IECST;
            } prologue;
            Structure {
                Int16 gdlatr;
                Int16 gdlonr;
                Int16 wavlen;
                Int16 gdra;
                Int16 gmra;
                Int16 bdec;
            } JPAR;
            Structure {
                Int16 year[34];
                Int16 dayno[34];
                Int16 uth[34];
                Int16 az1[34];
                Int16 az2[34];
                Int16 elm[34];
                Int16 vnn[34];
                Int16 e_vnn[34];
                Int16 vne[34];
                Int16 e_vne[34];
                Int16 vnpnh[34];
                Int16 e_vnpnh[34];
                Int16 vnpe[34];
                Int16 e_vnpe[34];
            } MPAR;
        } data_record_4;
        Structure {
            Structure {
                Int16 KINST;
                Int16 KINDAT;
                UInt16 IBYRT;
                UInt16 IBDTT;
                UInt16 IBHMT;
                UInt16 IBCST;
                UInt16 IEYRT;
                UInt16 IEDTT;
                UInt16 IEHMT;
                UInt16 IECST;
            } prologue;
            Structure {
                Int16 gdlatr;
                Int16 gdlonr;
                Int16 wavlen;
                Int16 gdra;
            } JPAR;
            Structure {
                Int16 year[37];
                Int16 dayno[37];
                Int16 uth[37];
                Int16 azm[37];
                Int16 elm[37];
                Int16 vnlu[37];
                Int16 e_vnlu[37];
                Int16 tn[37];
                Int16 e_tn[37];
                Int16 nsmpti[37];
                Int16 rbrl[37];
                Int16 chip1[37];
                Int16 vnn[37];
                Int16 e_vnn[37];
                Int16 vne[37];
                Int16 e_vne[37];
            } MPAR;
        } data_record_5;
        Structure {
            Structure {
                Int16 KINST;
                Int16 KINDAT;
                UInt16 IBYRT;
                UInt16 IBDTT;
                UInt16 IBHMT;
                UInt16 IBCST;
                UInt16 IEYRT;
                UInt16 IEDTT;
                UInt16 IEHMT;
                UInt16 IECST;
            } prologue;
            Structure {
                Int16 gdlatr;
                Int16 gdlonr;
                Int16 wavlen;
                Int16 gdra;
                Int16 gmra;
                Int16 bdec;
            } JPAR;
            Structure {
                Int16 year[27];
                Int16 dayno[27];
                Int16 uth[27];
                Int16 az1[27];
                Int16 az2[27];
                Int16 elm[27];
                Int16 vnn[27];
                Int16 e_vnn[27];
                Int16 vne[27];
                Int16 e_vne[27];
                Int16 vnpnh[27];
                Int16 e_vnpnh[27];
                Int16 vnpe[27];
                Int16 e_vnpe[27];
            } MPAR;
        } data_record_6;
        Structure {
            Structure {
                Int16 KINST;
                Int16 KINDAT;
                UInt16 IBYRT;
                UInt16 IBDTT;
                UInt16 IBHMT;
                UInt16 IBCST;
                UInt16 IEYRT;
                UInt16 IEDTT;
                UInt16 IEHMT;
                UInt16 IECST;
            } prologue;
            Structure {
                Int16 gdlatr;
                Int16 gdlonr;
                Int16 wavlen;
                Int16 gdra;
            } JPAR;
            Structure {
                Int16 year[102];
                Int16 dayno[102];
                Int16 uth[102];
                Int16 azm[102];
                Int16 elm[102];
                Int16 vnlu[102];
                Int16 e_vnlu[102];
                Int16 tn[102];
                Int16 e_tn[102];
                Int16 nsmpti[102];
                Int16 rbrl[102];
                Int16 chip1[102];
                Int16 vnn[102];
                Int16 e_vnn[102];
                Int16 vne[102];
                Int16 e_vne[102];
            } MPAR;
        } data_record_7;
        Structure {
            Structure {
                Int16 KINST;
                Int16 KINDAT;
                UInt16 IBYRT;
                UInt16 IBDTT;
                UInt16 IBHMT;
                UInt16 IBCST;
                UInt16 IEYRT;
                UInt16 IEDTT;
                UInt16 IEHMT;
                UInt16 IECST;
            } prologue;
            Structure {
                Int16 gdlatr;
                Int16 gdlonr;
                Int16 wavlen;
                Int16 gdra;
                Int16 gmra;
                Int16 bdec;
            } JPAR;
            Structure {
                Int16 year[59];
                Int16 dayno[59];
                Int16 uth[59];
                Int16 az1[59];
                Int16 az2[59];
                Int16 elm[59];
                Int16 vnn[59];
                Int16 e_vnn[59];
                Int16 vne[59];
                Int16 e_vne[59];
                Int16 vnpnh[59];
                Int16 e_vnpnh[59];
                Int16 vnpe[59];
                Int16 e_vnpe[59];
            } MPAR;
        } data_record_8;
        Structure {
            Structure {
                Int16 KINST;
                Int16 KINDAT;
                UInt16 IBYRT;
                UInt16 IBDTT;
                UInt16 IBHMT;
                UInt16 IBCST;
                UInt16 IEYRT;
                UInt16 IEDTT;
                UInt16 IEHMT;
                UInt16 IECST;
            } prologue;
            Structure {
                Int16 gdlatr;
                Int16 gdlonr;
                Int16 wavlen;
                Int16 gdra;
            } JPAR;
            Structure {
                Int16 year[37];
                Int16 dayno[37];
                Int16 uth[37];
                Int16 azm[37];
                Int16 elm[37];
                Int16 vnlu[37];
                Int16 e_vnlu[37];
                Int16 tn[37];
                Int16 e_tn[37];
                Int16 nsmpti[37];
                Int16 rbrl[37];
                Int16 chip1[37];
                Int16 vnn[37];
                Int16 e_vnn[37];
                Int16 vne[37];
                Int16 e_vne[37];
            } MPAR;
        } data_record_9;
        Structure {
            Structure {
                Int16 KINST;
                Int16 KINDAT;
                UInt16 IBYRT;
                UInt16 IBDTT;
                UInt16 IBHMT;
                UInt16 IBCST;
                UInt16 IEYRT;
                UInt16 IEDTT;
                UInt16 IEHMT;
                UInt16 IECST;
            } prologue;
            Structure {
                Int16 gdlatr;
                Int16 gdlonr;
                Int16 wavlen;
                Int16 gdra;
                Int16 gmra;
                Int16 bdec;
            } JPAR;
            Structure {
                Int16 year[27];
                Int16 dayno[27];
                Int16 uth[27];
                Int16 az1[27];
                Int16 az2[27];
                Int16 elm[27];
                Int16 vnn[27];
                Int16 e_vnn[27];
                Int16 vne[27];
                Int16 e_vne[27];
                Int16 vnpnh[27];
                Int16 e_vnpnh[27];
                Int16 vnpe[27];
                Int16 e_vnpe[27];
            } MPAR;
        } data_record_10;
        Structure {
            Structure {
                Int16 KINST;
                Int16 KINDAT;
                UInt16 IBYRT;
                UInt16 IBDTT;
                UInt16 IBHMT;
                UInt16 IBCST;
                UInt16 IEYRT;
                UInt16 IEDTT;
                UInt16 IEHMT;
                UInt16 IECST;
            } prologue;
            Structure {
                Int16 gdlatr;
                Int16 gdlonr;
                Int16 wavlen;
                Int16 gdra;
            } JPAR;
            Structure {
                Int16 year[10];
                Int16 dayno[10];
                Int16 uth[10];
                Int16 azm[10];
                Int16 elm[10];
                Int16 vnlu[10];
                Int16 e_vnlu[10];
                Int16 tn[10];
                Int16 e_tn[10];
                Int16 nsmpti[10];
                Int16 rbrl[10];
                Int16 chip1[10];
                Int16 vnn[10];
                Int16 e_vnn[10];
                Int16 vne[10];
                Int16 e_vne[10];
            } MPAR;
        } data_record_11;
        Structure {
            Structure {
                Int16 KINST;
                Int16 KINDAT;
                UInt16 IBYRT;
                UInt16 IBDTT;
                UInt16 IBHMT;
                UInt16 IBCST;
                UInt16 IEYRT;
                UInt16 IEDTT;
                UInt16 IEHMT;
                UInt16 IECST;
            } prologue;
            Structure {
                Int16 gdlatr;
                Int16 gdlonr;
                Int16 wavlen;
                Int16 gdra;
                Int16 gmra;
                Int16 bdec;
            } JPAR;
            Structure {
                Int16 year[5];
                Int16 dayno[5];
                Int16 uth[5];
                Int16 az1[5];
                Int16 az2[5];
                Int16 elm[5];
                Int16 vnn[5];
                Int16 e_vnn[5];
                Int16 vne[5];
                Int16 e_vne[5];
                Int16 vnpnh[5];
                Int16 e_vnpnh[5];
                Int16 vnpe[5];
                Int16 e_vnpe[5];
            } MPAR;
        } data_record_12;
        Structure {
            Structure {
                Int16 KINST;
                Int16 KINDAT;
                UInt16 IBYRT;
                UInt16 IBDTT;
                UInt16 IBHMT;
                UInt16 IBCST;
                UInt16 IEYRT;
                UInt16 IEDTT;
                UInt16 IEHMT;
                UInt16 IECST;
            } prologue;
            Structure {
                Int16 gdlatr;
                Int16 gdlonr;
                Int16 wavlen;
                Int16 gdra;
            } JPAR;
            Structure {
                Int16 year[12];
                Int16 dayno[12];
                Int16 uth[12];
                Int16 azm[12];
                Int16 elm[12];
                Int16 vnlu[12];
                Int16 e_vnlu[12];
                Int16 tn[12];
                Int16 e_tn[12];
                Int16 nsmpti[12];
                Int16 rbrl[12];
                Int16 chip1[12];
                Int16 vnn[12];
                Int16 e_vnn[12];
                Int16 vne[12];
                Int16 e_vne[12];
            } MPAR;
        } data_record_13;
        Structure {
            Structure {
                Int16 KINST;
                Int16 KINDAT;
                UInt16 IBYRT;
                UInt16 IBDTT;
                UInt16 IBHMT;
                UInt16 IBCST;
                UInt16 IEYRT;
                UInt16 IEDTT;
                UInt16 IEHMT;
                UInt16 IECST;
            } prologue;
            Structure {
                Int16 gdlatr;
                Int16 gdlonr;
                Int16 wavlen;
                Int16 gdra;
                Int16 gmra;
                Int16 bdec;
            } JPAR;
            Structure {
                Int16 year[6];
                Int16 dayno[6];
                Int16 uth[6];
                Int16 az1[6];
                Int16 az2[6];
                Int16 elm[6];
                Int16 vnn[6];
                Int16 e_vnn[6];
                Int16 vne[6];
                Int16 e_vne[6];
                Int16 vnpnh[6];
                Int16 e_vnpnh[6];
                Int16 vnpe[6];
                Int16 e_vnpe[6];
            } MPAR;
        } data_record_14;
        Structure {
            Structure {
                Int16 KINST;
                Int16 KINDAT;
                UInt16 IBYRT;
                UInt16 IBDTT;
                UInt16 IBHMT;
                UInt16 IBCST;
                UInt16 IEYRT;
                UInt16 IEDTT;
                UInt16 IEHMT;
                UInt16 IECST;
            } prologue;
            Structure {
                Int16 gdlatr;
                Int16 gdlonr;
                Int16 wavlen;
                Int16 gdra;
            } JPAR;
            Structure {
                Int16 year[39];
                Int16 dayno[39];
                Int16 uth[39];
                Int16 azm[39];
                Int16 elm[39];
                Int16 vnlu[39];
                Int16 e_vnlu[39];
                Int16 tn[39];
                Int16 e_tn[39];
                Int16 nsmpti[39];
                Int16 rbrl[39];
                Int16 chip1[39];
                Int16 vnn[39];
                Int16 e_vnn[39];
                Int16 vne[39];
                Int16 e_vne[39];
            } MPAR;
        } data_record_15;
        Structure {
            Structure {
                Int16 KINST;
                Int16 KINDAT;
                UInt16 IBYRT;
                UInt16 IBDTT;
                UInt16 IBHMT;
                UInt16 IBCST;
                UInt16 IEYRT;
                UInt16 IEDTT;
                UInt16 IEHMT;
                UInt16 IECST;
            } prologue;
            Structure {
                Int16 gdlatr;
                Int16 gdlonr;
                Int16 wavlen;
                Int16 gdra;
                Int16 gmra;
                Int16 bdec;
            } JPAR;
            Structure {
                Int16 year[24];
                Int16 dayno[24];
                Int16 uth[24];
                Int16 az1[24];
                Int16 az2[24];
                Int16 elm[24];
                Int16 vnn[24];
                Int16 e_vnn[24];
                Int16 vne[24];
                Int16 e_vne[24];
                Int16 vnpnh[24];
                Int16 e_vnpnh[24];
                Int16 vnpe[24];
                Int16 e_vnpe[24];
            } MPAR;
        } data_record_16;
        Structure {
            Structure {
                Int16 KINST;
                Int16 KINDAT;
                UInt16 IBYRT;
                UInt16 IBDTT;
                UInt16 IBHMT;
                UInt16 IBCST;
                UInt16 IEYRT;
                UInt16 IEDTT;
                UInt16 IEHMT;
                UInt16 IECST;
            } prologue;
            Structure {
                Int16 gdlatr;
                Int16 gdlonr;
                Int16 wavlen;
                Int16 gdra;
            } JPAR;
            Structure {
                Int16 year[20];
                Int16 dayno[20];
                Int16 uth[20];
                Int16 azm[20];
                Int16 elm[20];
                Int16 vnlu[20];
                Int16 e_vnlu[20];
                Int16 tn[20];
                Int16 e_tn[20];
                Int16 nsmpti[20];
                Int16 rbrl[20];
                Int16 chip1[20];
                Int16 vnn[20];
                Int16 e_vnn[20];
                Int16 vne[20];
                Int16 e_vne[20];
            } MPAR;
        } data_record_17;
        Structure {
            Structure {
                Int16 KINST;
                Int16 KINDAT;
                UInt16 IBYRT;
                UInt16 IBDTT;
                UInt16 IBHMT;
                UInt16 IBCST;
                UInt16 IEYRT;
                UInt16 IEDTT;
                UInt16 IEHMT;
                UInt16 IECST;
            } prologue;
            Structure {
                Int16 gdlatr;
                Int16 gdlonr;
                Int16 wavlen;
                Int16 gdra;
                Int16 gmra;
                Int16 bdec;
            } JPAR;
            Structure {
                Int16 year[12];
                Int16 dayno[12];
                Int16 uth[12];
                Int16 az1[12];
                Int16 az2[12];
                Int16 elm[12];
                Int16 vnn[12];
                Int16 e_vnn[12];
                Int16 vne[12];
                Int16 e_vne[12];
                Int16 vnpnh[12];
                Int16 e_vnpnh[12];
                Int16 vnpe[12];
                Int16 e_vnpe[12];
            } MPAR;
        } data_record_18;
        Structure {
            Structure {
                Int16 KINST;
                Int16 KINDAT;
                UInt16 IBYRT;
                UInt16 IBDTT;
                UInt16 IBHMT;
                UInt16 IBCST;
                UInt16 IEYRT;
                UInt16 IEDTT;
                UInt16 IEHMT;
                UInt16 IECST;
            } prologue;
            Structure {
                Int16 gdlatr;
                Int16 gdlonr;
                Int16 wavlen;
                Int16 gdra;
            } JPAR;
            Structure {
                Int16 year[40];
                Int16 dayno[40];
                Int16 uth[40];
                Int16 azm[40];
                Int16 elm[40];
                Int16 vnlu[40];
                Int16 e_vnlu[40];
                Int16 tn[40];
                Int16 e_tn[40];
                Int16 nsmpti[40];
                Int16 rbrl[40];
                Int16 chip1[40];
                Int16 vnn[40];
                Int16 e_vnn[40];
                Int16 vne[40];
                Int16 e_vne[40];
            } MPAR;
        } data_record_19;
        Structure {
            Structure {
                Int16 KINST;
                Int16 KINDAT;
                UInt16 IBYRT;
                UInt16 IBDTT;
                UInt16 IBHMT;
                UInt16 IBCST;
                UInt16 IEYRT;
                UInt16 IEDTT;
                UInt16 IEHMT;
                UInt16 IECST;
            } prologue;
            Structure {
                Int16 gdlatr;
                Int16 gdlonr;
                Int16 wavlen;
                Int16 gdra;
                Int16 gmra;
                Int16 bdec;
            } JPAR;
            Structure {
                Int16 year[25];
                Int16 dayno[25];
                Int16 uth[25];
                Int16 az1[25];
                Int16 az2[25];
                Int16 elm[25];
                Int16 vnn[25];
                Int16 e_vnn[25];
                Int16 vne[25];
                Int16 e_vne[25];
                Int16 vnpnh[25];
                Int16 e_vnpnh[25];
                Int16 vnpe[25];
                Int16 e_vnpe[25];
            } MPAR;
        } data_record_20;
        Structure {
            Structure {
                Int16 KINST;
                Int16 KINDAT;
                UInt16 IBYRT;
                UInt16 IBDTT;
                UInt16 IBHMT;
                UInt16 IBCST;
                UInt16 IEYRT;
                UInt16 IEDTT;
                UInt16 IEHMT;
                UInt16 IECST;
            } prologue;
            Structure {
                Int16 gdlatr;
                Int16 gdlonr;
                Int16 wavlen;
                Int16 gdra;
            } JPAR;
            Structure {
                Int16 year[37];
                Int16 dayno[37];
                Int16 uth[37];
                Int16 azm[37];
                Int16 elm[37];
                Int16 vnlu[37];
                Int16 e_vnlu[37];
                Int16 tn[37];
                Int16 e_tn[37];
                Int16 nsmpti[37];
                Int16 rbrl[37];
                Int16 chip1[37];
                Int16 vnn[37];
                Int16 e_vnn[37];
                Int16 vne[37];
                Int16 e_vne[37];
            } MPAR;
        } data_record_21;
        Structure {
            Structure {
                Int16 KINST;
                Int16 KINDAT;
                UInt16 IBYRT;
                UInt16 IBDTT;
                UInt16 IBHMT;
                UInt16 IBCST;
                UInt16 IEYRT;
                UInt16 IEDTT;
                UInt16 IEHMT;
                UInt16 IECST;
            } prologue;
            Structure {
                Int16 gdlatr;
                Int16 gdlonr;
                Int16 wavlen;
                Int16 gdra;
                Int16 gmra;
                Int16 bdec;
            } JPAR;
            Structure {
                Int16 year[27];
                Int16 dayno[27];
                Int16 uth[27];
                Int16 az1[27];
                Int16 az2[27];
                Int16 elm[27];
                Int16 vnn[27];
                Int16 e_vnn[27];
                Int16 vne[27];
                Int16 e_vne[27];
                Int16 vnpnh[27];
                Int16 e_vnpnh[27];
                Int16 vnpe[27];
                Int16 e_vnpe[27];
            } MPAR;
        } data_record_22;
        Structure {
            Structure {
                Int16 KINST;
                Int16 KINDAT;
                UInt16 IBYRT;
                UInt16 IBDTT;
                UInt16 IBHMT;
                UInt16 IBCST;
                UInt16 IEYRT;
                UInt16 IEDTT;
                UInt16 IEHMT;
                UInt16 IECST;
            } prologue;
            Structure {
                Int16 gdlatr;
                Int16 gdlonr;
                Int16 wavlen;
                Int16 gdra;
            } JPAR;
            Structure {
                Int16 year[38];
                Int16 dayno[38];
                Int16 uth[38];
                Int16 azm[38];
                Int16 elm[38];
                Int16 vnlu[38];
                Int16 e_vnlu[38];
                Int16 tn[38];
                Int16 e_tn[38];
                Int16 nsmpti[38];
                Int16 rbrl[38];
                Int16 chip1[38];
                Int16 vnn[38];
                Int16 e_vnn[38];
                Int16 vne[38];
                Int16 e_vne[38];
            } MPAR;
        } data_record_23;
        Structure {
            Structure {
                Int16 KINST;
                Int16 KINDAT;
                UInt16 IBYRT;
                UInt16 IBDTT;
                UInt16 IBHMT;
                UInt16 IBCST;
                UInt16 IEYRT;
                UInt16 IEDTT;
                UInt16 IEHMT;
                UInt16 IECST;
            } prologue;
            Structure {
                Int16 gdlatr;
                Int16 gdlonr;
                Int16 wavlen;
                Int16 gdra;
                Int16 gmra;
                Int16 bdec;
            } JPAR;
            Structure {
                Int16 year[28];
                Int16 dayno[28];
                Int16 uth[28];
                Int16 az1[28];
                Int16 az2[28];
                Int16 elm[28];
                Int16 vnn[28];
                Int16 e_vnn[28];
                Int16 vne[28];
                Int16 e_vne[28];
                Int16 vnpnh[28];
                Int16 e_vnpnh[28];
                Int16 vnpe[28];
                Int16 e_vnpe[28];
            } MPAR;
        } data_record_24;
        Structure {
            Structure {
                Int16 KINST;
                Int16 KINDAT;
                UInt16 IBYRT;
                UInt16 IBDTT;
                UInt16 IBHMT;
                UInt16 IBCST;
                UInt16 IEYRT;
                UInt16 IEDTT;
                UInt16 IEHMT;
                UInt16 IECST;
            } prologue;
            Structure {
                Int16 gdlatr;
                Int16 gdlonr;
                Int16 wavlen;
                Int16 gdra;
            } JPAR;
            Structure {
                Int16 year[43];
                Int16 dayno[43];
                Int16 uth[43];
                Int16 azm[43];
                Int16 elm[43];
                Int16 vnlu[43];
                Int16 e_vnlu[43];
                Int16 tn[43];
                Int16 e_tn[43];
                Int16 nsmpti[43];
                Int16 rbrl[43];
                Int16 chip1[43];
                Int16 vnn[43];
                Int16 e_vnn[43];
                Int16 vne[43];
                Int16 e_vne[43];
            } MPAR;
        } data_record_25;
        Structure {
            Structure {
                Int16 KINST;
                Int16 KINDAT;
                UInt16 IBYRT;
                UInt16 IBDTT;
                UInt16 IBHMT;
                UInt16 IBCST;
                UInt16 IEYRT;
                UInt16 IEDTT;
                UInt16 IEHMT;
                UInt16 IECST;
            } prologue;
            Structure {
                Int16 gdlatr;
                Int16 gdlonr;
                Int16 wavlen;
                Int16 gdra;
                Int16 gmra;
                Int16 bdec;
            } JPAR;
            Structure {
                Int16 year[31];
                Int16 dayno[31];
                Int16 uth[31];
                Int16 az1[31];
                Int16 az2[31];
                Int16 elm[31];
                Int16 vnn[31];
                Int16 e_vnn[31];
                Int16 vne[31];
                Int16 e_vne[31];
                Int16 vnpnh[31];
                Int16 e_vnpnh[31];
                Int16 vnpe[31];
                Int16 e_vnpe[31];
            } MPAR;
        } data_record_26;
        Structure {
            Structure {
                Int16 KINST;
                Int16 KINDAT;
                UInt16 IBYRT;
                UInt16 IBDTT;
                UInt16 IBHMT;
                UInt16 IBCST;
                UInt16 IEYRT;
                UInt16 IEDTT;
                UInt16 IEHMT;
                UInt16 IECST;
            } prologue;
            Structure {
                Int16 gdlatr;
                Int16 gdlonr;
                Int16 wavlen;
                Int16 gdra;
            } JPAR;
            Structure {
                Int16 year[43];
                Int16 dayno[43];
                Int16 uth[43];
                Int16 azm[43];
                Int16 elm[43];
                Int16 vnlu[43];
                Int16 e_vnlu[43];
                Int16 tn[43];
                Int16 e_tn[43];
                Int16 nsmpti[43];
                Int16 rbrl[43];
                Int16 chip1[43];
                Int16 vnn[43];
                Int16 e_vnn[43];
                Int16 vne[43];
                Int16 e_vne[43];
            } MPAR;
        } data_record_27;
        Structure {
            Structure {
                Int16 KINST;
                Int16 KINDAT;
                UInt16 IBYRT;
                UInt16 IBDTT;
                UInt16 IBHMT;
                UInt16 IBCST;
                UInt16 IEYRT;
                UInt16 IEDTT;
                UInt16 IEHMT;
                UInt16 IECST;
            } prologue;
            Structure {
                Int16 gdlatr;
                Int16 gdlonr;
                Int16 wavlen;
                Int16 gdra;
                Int16 gmra;
                Int16 bdec;
            } JPAR;
            Structure {
                Int16 year[31];
                Int16 dayno[31];
                Int16 uth[31];
                Int16 az1[31];
                Int16 az2[31];
                Int16 elm[31];
                Int16 vnn[31];
                Int16 e_vnn[31];
                Int16 vne[31];
                Int16 e_vne[31];
                Int16 vnpnh[31];
                Int16 e_vnpnh[31];
                Int16 vnpe[31];
                Int16 e_vnpe[31];
            } MPAR;
        } data_record_28;
        Structure {
            Structure {
                Int16 KINST;
                Int16 KINDAT;
                UInt16 IBYRT;
                UInt16 IBDTT;
                UInt16 IBHMT;
                UInt16 IBCST;
                UInt16 IEYRT;
                UInt16 IEDTT;
                UInt16 IEHMT;
                UInt16 IECST;
            } prologue;
            Structure {
                Int16 gdlatr;
                Int16 gdlonr;
                Int16 wavlen;
                Int16 gdra;
            } JPAR;
            Structure {
                Int16 year[33];
                Int16 dayno[33];
                Int16 uth[33];
                Int16 azm[33];
                Int16 elm[33];
                Int16 vnlu[33];
                Int16 e_vnlu[33];
                Int16 tn[33];
                Int16 e_tn[33];
                Int16 nsmpti[33];
                Int16 rbrl[33];
                Int16 chip1[33];
                Int16 vnn[33];
                Int16 e_vnn[33];
                Int16 vne[33];
                Int16 e_vne[33];
            } MPAR;
        } data_record_29;
        Structure {
            Structure {
                Int16 KINST;
                Int16 KINDAT;
                UInt16 IBYRT;
                UInt16 IBDTT;
                UInt16 IBHMT;
                UInt16 IBCST;
                UInt16 IEYRT;
                UInt16 IEDTT;
                UInt16 IEHMT;
                UInt16 IECST;
            } prologue;
            Structure {
                Int16 gdlatr;
                Int16 gdlonr;
                Int16 wavlen;
                Int16 gdra;
                Int16 gmra;
                Int16 bdec;
            } JPAR;
            Structure {
                Int16 year[24];
                Int16 dayno[24];
                Int16 uth[24];
                Int16 az1[24];
                Int16 az2[24];
                Int16 elm[24];
                Int16 vnn[24];
                Int16 e_vnn[24];
                Int16 vne[24];
                Int16 e_vne[24];
                Int16 vnpnh[24];
                Int16 e_vnpnh[24];
                Int16 vnpe[24];
                Int16 e_vnpe[24];
            } MPAR;
        } data_record_30;
        Structure {
            Structure {
                Int16 KINST;
                Int16 KINDAT;
                UInt16 IBYRT;
                UInt16 IBDTT;
                UInt16 IBHMT;
                UInt16 IBCST;
                UInt16 IEYRT;
                UInt16 IEDTT;
                UInt16 IEHMT;
                UInt16 IECST;
            } prologue;
            Structure {
                Int16 gdlatr;
                Int16 gdlonr;
                Int16 wavlen;
                Int16 gdra;
            } JPAR;
            Structure {
                Int16 year[34];
                Int16 dayno[34];
                Int16 uth[34];
                Int16 azm[34];
                Int16 elm[34];
                Int16 vnlu[34];
                Int16 e_vnlu[34];
                Int16 tn[34];
                Int16 e_tn[34];
                Int16 nsmpti[34];
                Int16 rbrl[34];
                Int16 chip1[34];
                Int16 vnn[34];
                Int16 e_vnn[34];
                Int16 vne[34];
                Int16 e_vne[34];
            } MPAR;
        } data_record_31;
        Structure {
            Structure {
                Int16 KINST;
                Int16 KINDAT;
                UInt16 IBYRT;
                UInt16 IBDTT;
                UInt16 IBHMT;
                UInt16 IBCST;
                UInt16 IEYRT;
                UInt16 IEDTT;
                UInt16 IEHMT;
                UInt16 IECST;
            } prologue;
            Structure {
                Int16 gdlatr;
                Int16 gdlonr;
                Int16 wavlen;
                Int16 gdra;
                Int16 gmra;
                Int16 bdec;
            } JPAR;
            Structure {
                Int16 year[25];
                Int16 dayno[25];
                Int16 uth[25];
                Int16 az1[25];
                Int16 az2[25];
                Int16 elm[25];
                Int16 vnn[25];
                Int16 e_vnn[25];
                Int16 vne[25];
                Int16 e_vne[25];
                Int16 vnpnh[25];
                Int16 e_vnpnh[25];
                Int16 vnpe[25];
                Int16 e_vnpe[25];
            } MPAR;
        } data_record_32;
    } mfp920504a;
} mfp920504a.cbf;
