<?xml version="1.0" encoding="ISO-8859-1"?>
<Dataset xmlns="http://xml.opendap.org/ns/DAP/4.0#" dapVersion="4.0" dmrVersion="2.0" name="comp_scalar.h5">
    <Structure name="ArrayOfStructures">
        <Int8 name="a_name"/>
        <Byte name="b_name"/>
        <Int16 name="c_name"/>
        <UInt16 name="d_name"/>
        <Int32 name="e_name"/>
        <UInt32 name="f_name"/>
        <String name="vs_name"/>
        <String name="s_name"/>
        <Float32 name="g_name"/>
        <Float64 name="h_name"/>
        <Attribute name="DAP4_Checksum_CRC32" type="String">
            <Value>44d3b277</Value>
        </Attribute>
    </Structure>
</Dataset>

The data:
Structure {
    Int8 a_name;
    Byte b_name;
    Int16 c_name;
    UInt16 d_name;
    Int32 e_name;
    UInt32 f_name;
    String vs_name;
    String s_name;
    Float32 g_name;
    Float64 h_name;
} ArrayOfStructures = { 127, 255, 32767, 65535, 2147483647, 4294967295, "dummy variable length string", "TEST0\000", 100.1, -10000.2 };

